Component: ARM Compiler 5.06 update 5 (build 528) Tool: armlink [4d35e2]

==============================================================================

Section Cross References

    startup_stm32f10x_md.o(STACK) refers (Special) to heapauxi.o(.text) for __use_two_region_memory
    startup_stm32f10x_md.o(HEAP) refers (Special) to heapauxi.o(.text) for __use_two_region_memory
    startup_stm32f10x_md.o(RESET) refers (Special) to heapauxi.o(.text) for __use_two_region_memory
    startup_stm32f10x_md.o(RESET) refers to startup_stm32f10x_md.o(STACK) for __initial_sp
    startup_stm32f10x_md.o(RESET) refers to startup_stm32f10x_md.o(.text) for Reset_Handler
    startup_stm32f10x_md.o(RESET) refers to stm32f10x_it.o(i.NMI_Handler) for NMI_Handler
    startup_stm32f10x_md.o(RESET) refers to stm32f10x_it.o(i.HardFault_Handler) for HardFault_Handler
    startup_stm32f10x_md.o(RESET) refers to stm32f10x_it.o(i.MemManage_Handler) for MemManage_Handler
    startup_stm32f10x_md.o(RESET) refers to stm32f10x_it.o(i.BusFault_Handler) for BusFault_Handler
    startup_stm32f10x_md.o(RESET) refers to stm32f10x_it.o(i.UsageFault_Handler) for UsageFault_Handler
    startup_stm32f10x_md.o(RESET) refers to port.o(.emb_text) for SVC_Handler
    startup_stm32f10x_md.o(RESET) refers to stm32f10x_it.o(i.DebugMon_Handler) for DebugMon_Handler
    startup_stm32f10x_md.o(RESET) refers to port.o(i.SysTick_Handler) for SysTick_Handler
    startup_stm32f10x_md.o(RESET) refers to stm32f10x_it.o(i.TIM4_IRQHandler) for TIM4_IRQHandler
    startup_stm32f10x_md.o(RESET) refers to stm32f10x_it.o(i.USART2_IRQHandler) for USART2_IRQHandler
    startup_stm32f10x_md.o(.text) refers (Special) to heapauxi.o(.text) for __use_two_region_memory
    startup_stm32f10x_md.o(.text) refers to system_stm32f10x.o(i.SystemInit) for SystemInit
    startup_stm32f10x_md.o(.text) refers to __main.o(!!!main) for __main
    startup_stm32f10x_md.o(.text) refers to startup_stm32f10x_md.o(HEAP) for Heap_Mem
    startup_stm32f10x_md.o(.text) refers to startup_stm32f10x_md.o(STACK) for Stack_Mem
    system_stm32f10x.o(i.SetSysClock) refers to system_stm32f10x.o(i.SetSysClockTo72) for SetSysClockTo72
    system_stm32f10x.o(i.SystemCoreClockUpdate) refers to system_stm32f10x.o(.data) for SystemCoreClock
    system_stm32f10x.o(i.SystemInit) refers to system_stm32f10x.o(i.SetSysClock) for SetSysClock
    stm32f10x_adc.o(i.ADC_DeInit) refers to stm32f10x_rcc.o(i.RCC_APB2PeriphResetCmd) for RCC_APB2PeriphResetCmd
    stm32f10x_bkp.o(i.BKP_DeInit) refers to stm32f10x_rcc.o(i.RCC_BackupResetCmd) for RCC_BackupResetCmd
    stm32f10x_can.o(i.CAN_DeInit) refers to stm32f10x_rcc.o(i.RCC_APB1PeriphResetCmd) for RCC_APB1PeriphResetCmd
    stm32f10x_can.o(i.CAN_GetITStatus) refers to stm32f10x_can.o(i.CheckITStatus) for CheckITStatus
    stm32f10x_cec.o(i.CEC_DeInit) refers to stm32f10x_rcc.o(i.RCC_APB1PeriphResetCmd) for RCC_APB1PeriphResetCmd
    stm32f10x_dac.o(i.DAC_DeInit) refers to stm32f10x_rcc.o(i.RCC_APB1PeriphResetCmd) for RCC_APB1PeriphResetCmd
    stm32f10x_flash.o(i.FLASH_EnableWriteProtection) refers to stm32f10x_flash.o(i.FLASH_WaitForLastOperation) for FLASH_WaitForLastOperation
    stm32f10x_flash.o(i.FLASH_EraseAllBank1Pages) refers to stm32f10x_flash.o(i.FLASH_WaitForLastBank1Operation) for FLASH_WaitForLastBank1Operation
    stm32f10x_flash.o(i.FLASH_EraseAllPages) refers to stm32f10x_flash.o(i.FLASH_WaitForLastOperation) for FLASH_WaitForLastOperation
    stm32f10x_flash.o(i.FLASH_EraseOptionBytes) refers to stm32f10x_flash.o(i.FLASH_GetReadOutProtectionStatus) for FLASH_GetReadOutProtectionStatus
    stm32f10x_flash.o(i.FLASH_EraseOptionBytes) refers to stm32f10x_flash.o(i.FLASH_WaitForLastOperation) for FLASH_WaitForLastOperation
    stm32f10x_flash.o(i.FLASH_ErasePage) refers to stm32f10x_flash.o(i.FLASH_WaitForLastOperation) for FLASH_WaitForLastOperation
    stm32f10x_flash.o(i.FLASH_ProgramHalfWord) refers to stm32f10x_flash.o(i.FLASH_WaitForLastOperation) for FLASH_WaitForLastOperation
    stm32f10x_flash.o(i.FLASH_ProgramOptionByteData) refers to stm32f10x_flash.o(i.FLASH_WaitForLastOperation) for FLASH_WaitForLastOperation
    stm32f10x_flash.o(i.FLASH_ProgramWord) refers to stm32f10x_flash.o(i.FLASH_WaitForLastOperation) for FLASH_WaitForLastOperation
    stm32f10x_flash.o(i.FLASH_ReadOutProtection) refers to stm32f10x_flash.o(i.FLASH_WaitForLastOperation) for FLASH_WaitForLastOperation
    stm32f10x_flash.o(i.FLASH_UserOptionByteConfig) refers to stm32f10x_flash.o(i.FLASH_WaitForLastOperation) for FLASH_WaitForLastOperation
    stm32f10x_flash.o(i.FLASH_WaitForLastBank1Operation) refers to stm32f10x_flash.o(i.FLASH_GetBank1Status) for FLASH_GetBank1Status
    stm32f10x_flash.o(i.FLASH_WaitForLastOperation) refers to stm32f10x_flash.o(i.FLASH_GetBank1Status) for FLASH_GetBank1Status
    stm32f10x_gpio.o(i.GPIO_AFIODeInit) refers to stm32f10x_rcc.o(i.RCC_APB2PeriphResetCmd) for RCC_APB2PeriphResetCmd
[...]
    _printf_str                              0x080004ad   Thumb Code    82  _printf_str.o(.text)
    _printf_int_dec                          0x08000501   Thumb Code   104  _printf_dec.o(.text)
    __printf                                 0x08000579   Thumb Code   388  __printf_flags_ss_wp.o(.text)
    strtol                                   0x08000701   Thumb Code   112  strtol.o(.text)
    strchr                                   0x08000771   Thumb Code    20  strchr.o(.text)
    strstr                                   0x08000785   Thumb Code    36  strstr.o(.text)
    strlen                                   0x080007a9   Thumb Code    62  strlen.o(.text)
    __aeabi_memcpy                           0x080007e7   Thumb Code     0  rt_memcpy_v6.o(.text)
    __rt_memcpy                              0x080007e7   Thumb Code   138  rt_memcpy_v6.o(.text)
    _memcpy_lastbytes                        0x0800084d   Thumb Code     0  rt_memcpy_v6.o(.text)
    __aeabi_memclr                           0x08000871   Thumb Code     0  rt_memclr.o(.text)
    __rt_memclr                              0x08000871   Thumb Code    68  rt_memclr.o(.text)
    _memset                                  0x08000875   Thumb Code     0  rt_memclr.o(.text)
    __aeabi_memclr4                          0x080008b5   Thumb Code     0  rt_memclr_w.o(.text)
    __aeabi_memclr8                          0x080008b5   Thumb Code     0  rt_memclr_w.o(.text)
    __rt_memclr_w                            0x080008b5   Thumb Code    78  rt_memclr_w.o(.text)
    _memset_w                                0x080008b9   Thumb Code     0  rt_memclr_w.o(.text)
    __use_two_region_memory                  0x08000903   Thumb Code     2  heapauxi.o(.text)
    __rt_heap_escrow$2region                 0x08000905   Thumb Code     2  heapauxi.o(.text)
    __rt_heap_expand$2region                 0x08000907   Thumb Code     2  heapauxi.o(.text)
    __rt_ctype_table                         0x08000909   Thumb Code    16  rt_ctype_table.o(.text)
    __aeabi_errno_addr                       0x08000919   Thumb Code     8  rt_errno_addr_intlibspace.o(.text)
    __errno$intlibspace                      0x08000919   Thumb Code     0  rt_errno_addr_intlibspace.o(.text)
    __rt_errno_addr$intlibspace              0x08000919   Thumb Code     0  rt_errno_addr_intlibspace.o(.text)
    _printf_pre_padding                      0x08000921   Thumb Code    44  _printf_pad.o(.text)
    _printf_post_padding                     0x0800094d   Thumb Code    34  _printf_pad.o(.text)
    _printf_truncate_signed                  0x0800096f   Thumb Code    18  _printf_truncate.o(.text)
    _printf_truncate_unsigned                0x08000981   Thumb Code    18  _printf_truncate.o(.text)
    _printf_int_common                       0x08000993   Thumb Code   178  _printf_intcommon.o(.text)
    _printf_charcount                        0x08000a45   Thumb Code    40  _printf_charcount.o(.text)
    _printf_char_common                      0x08000a77   Thumb Code    32  _printf_char_common.o(.text)
    _sputc                                   0x08000a9d   Thumb Code    10  _sputc.o(.text)
    _snputc                                  0x08000aa7   Thumb Code    16  _snputc.o(.text)
    _printf_cs_common                        0x08000ab7   Thumb Code    20  _printf_char.o(.text)
    _printf_char                             0x08000acb   Thumb Code    16  _printf_char.o(.text)
    _printf_string                           0x08000adb   Thumb Code     8  _printf_char.o(.text)
    _printf_char_file                        0x08000ae5   Thumb Code    32  _printf_char_file.o(.text)
    _printf_wctomb                           0x08000b09   Thumb Code   182  _printf_wctomb.o(.text)
    _printf_longlong_dec                     0x08000bc5   Thumb Code   108  _printf_longlong_dec.o(.text)
    _printf_longlong_oct                     0x08000c41   Thumb Code    66  _printf_oct_int_ll.o(.text)
    _printf_int_oct                          0x08000c83   Thumb Code    24  _printf_oct_int_ll.o(.text)
    _printf_ll_oct                           0x08000c9b   Thumb Code    12  _printf_oct_int_ll.o(.text)
    _printf_longlong_hex                     0x08000cb1   Thumb Code    86  _printf_hex_int_ll_ptr.o(.text)
    _printf_int_hex                          0x08000d07   Thumb Code    28  _printf_hex_int_ll_ptr.o(.text)
    _printf_ll_hex                           0x08000d23   Thumb Code    12  _printf_hex_int_ll_ptr.o(.text)
    _printf_hex_ptr                          0x08000d2f   Thumb Code    18  _printf_hex_int_ll_ptr.o(.text)
    _strtoul                                 0x08000d45   Thumb Code   158  _strtoul.o(.text)
    __aeabi_memcpy4                          0x08000de3   Thumb Code     0  rt_memcpy_w.o(.text)
    __aeabi_memcpy8                          0x08000de3   Thumb Code     0  rt_memcpy_w.o(.text)
    __rt_memcpy_w                            0x08000de3   Thumb Code   100  rt_memcpy_w.o(.text)
    _memcpy_lastbytes_aligned                0x08000e2b   Thumb Code     0  rt_memcpy_w.o(.text)
    __user_libspace                          0x08000e49   Thumb Code     8  libspace.o(.text)
    __user_perproc_libspace                  0x08000e49   Thumb Code     0  libspace.o(.text)
    __user_perthread_libspace                0x08000e49   Thumb Code     0  libspace.o(.text)
    __rt_locale                              0x08000e51   Thumb Code     8  rt_locale_intlibspace.o(.text)
    _ll_udiv10                               0x08000e59   Thumb Code   138  lludiv10.o(.text)
    __lib_sel_fp_printf                      0x08000ee3   Thumb Code     2  _printf_fp_dec.o(.text)
    _printf_fp_dec_real                      0x08001095   Thumb Code   620  _printf_fp_dec.o(.text)
    _printf_fp_hex_real                      0x08001301   Thumb Code   756  _printf_fp_hex.o(.text)
    _printf_lcs_common                       0x080015fd   Thumb Code    20  _printf_wchar.o(.text)
    _printf_wchar                            0x08001611   Thumb Code    16  _printf_wchar.o(.text)
    _printf_wstring                          0x08001621   Thumb Code     8  _printf_wchar.o(.text)
    _chval                                   0x08001629   Thumb Code    28  _chval.o(.text)
    _wcrtomb                                 0x08001645   Thumb Code    64  _wcrtomb.o(.text)
    __user_setup_stackheap                   0x08001685   Thumb Code    74  sys_stackheap_outer.o(.text)
    _printf_fp_infnan                        0x080016d1   Thumb Code   112  _printf_fp_infnan.o(.text)
    _btod_etento                             0x08001751   Thumb Code   224  bigflt0.o(.text)
    exit                                     0x08001835   Thumb Code    18  exit.o(.text)
    strcmp                                   0x08001849   Thumb Code   128  strcmpv7m.o(.text)
    _btod_d2e                                0x080018c9   Thumb Code    62  btod.o(CL$$btod_d2e)
    _d2e_denorm_low                          0x08001907   Thumb Code    70  btod.o(CL$$btod_d2e_denorm_low)
    _d2e_norm_op1                            0x0800194d   Thumb Code    96  btod.o(CL$$btod_d2e_norm_op1)
    __btod_div_common                        0x080019ad   Thumb Code   696  btod.o(CL$$btod_div_common)
    _e2e                                     0x08001ce5   Thumb Code   220  btod.o(CL$$btod_e2e)
    _btod_ediv                               0x08001dc1   Thumb Code    42  btod.o(CL$$btod_ediv)
    _btod_emul                               0x08001deb   Thumb Code    42  btod.o(CL$$btod_emul)
    __btod_mult_common                       0x08001e15   Thumb Code   580  btod.o(CL$$btod_mult_common)
    AT24C_Init                               0x08002059   Thumb Code   110  at24c02.o(i.AT24C_Init)
    AT24C_ReadByte                           0x080020d5   Thumb Code   186  at24c02.o(i.AT24C_ReadByte)
    AT24C_WriteByte                          0x080021d1   Thumb Code   120  at24c02.o(i.AT24C_WriteByte)
    BH1750_Init                              0x08002255   Thumb Code   112  bh1750.o(i.BH1750_Init)
    BH1750_Init_Config                       0x080022d1   Thumb Code    28  bh1750.o(i.BH1750_Init_Config)
    BH1750_Read_Lux                          0x080022ed   Thumb Code   132  bh1750.o(i.BH1750_Read_Lux)
    BusFault_Handler                         0x080024a5   Thumb Code     4  stm32f10x_it.o(i.BusFault_Handler)
    CMDBuf_Deal                              0x080024a9   Thumb Code   102  mqtt.o(i.CMDBuf_Deal)
    DHT11_Init                               0x08002545   Thumb Code    50  dht11.o(i.DHT11_Init)
    DHT11_Mode_In                            0x080025a9   Thumb Code    26  dht11.o(i.DHT11_Mode_In)
    DHT11_Mode_Out                           0x080025c9   Thumb Code    32  dht11.o(i.DHT11_Mode_Out)
    DHT11_Read_Data                          0x08002641   Thumb Code   164  dht11.o(i.DHT11_Read_Data)
    DebugMon_Handler                         0x08002805   Thumb Code     2  stm32f10x_it.o(i.DebugMon_Handler)
    Delay_ms                                 0x08002831   Thumb Code    12  delay.o(i.Delay_ms)
    GPIO_Init                                0x0800283d   Thumb Code   278  stm32f10x_gpio.o(i.GPIO_Init)
    GPIO_ReadInputDataBit                    0x08002953   Thumb Code    18  stm32f10x_gpio.o(i.GPIO_ReadInputDataBit)
    GPIO_ResetBits                           0x08002965   Thumb Code     4  stm32f10x_gpio.o(i.GPIO_ResetBits)
    GPIO_SetBits                             0x08002969   Thumb Code     4  stm32f10x_gpio.o(i.GPIO_SetBits)
    GPIO_WriteBit                            0x0800296d   Thumb Code    10  stm32f10x_gpio.o(i.GPIO_WriteBit)
    HC_SR501_Init                            0x08002979   Thumb Code    40  hc_sr501.o(i.HC_SR501_Init)
    HC_SR501_ReadRaw                         0x080029a5   Thumb Code    22  hc_sr501.o(i.HC_SR501_ReadRaw)
    HC_SR501_ReadStable                      0x080029c1   Thumb Code    56  hc_sr501.o(i.HC_SR501_ReadStable)
    HardFault_Handler                        0x080029f9   Thumb Code     4  stm32f10x_it.o(i.HardFault_Handler)
    Humidifier_Control                       0x080029fd   Thumb Code    56  humidity.o(i.Humidifier_Control)
    Humidifier_GetState                      0x08002a3d   Thumb Code     6  humidity.o(i.Humidifier_GetState)
    Humidifier_Init                          0x08002a49   Thumb Code    54  humidity.o(i.Humidifier_Init)
    I2C_AcknowledgeConfig                    0x08002a85   Thumb Code    24  stm32f10x_i2c.o(i.I2C_AcknowledgeConfig)
    I2C_CheckEvent                           0x08002a9d   Thumb Code    42  stm32f10x_i2c.o(i.I2C_CheckEvent)
    I2C_Cmd                                  0x08002ac7   Thumb Code    24  stm32f10x_i2c.o(i.I2C_Cmd)
    I2C_DeInit                               0x08002ae1   Thumb Code    50  stm32f10x_i2c.o(i.I2C_DeInit)
    I2C_GenerateSTART                        0x08002b19   Thumb Code    24  stm32f10x_i2c.o(i.I2C_GenerateSTART)
    I2C_GenerateSTOP                         0x08002b31   Thumb Code    24  stm32f10x_i2c.o(i.I2C_GenerateSTOP)
    I2C_Init                                 0x08002b49   Thumb Code   222  stm32f10x_i2c.o(i.I2C_Init)
    I2C_ReceiveData                          0x08002c35   Thumb Code     8  stm32f10x_i2c.o(i.I2C_ReceiveData)
    I2C_Send7bitAddress                      0x08002c3d   Thumb Code    18  stm32f10x_i2c.o(i.I2C_Send7bitAddress)
    I2C_SendData                             0x08002c4f   Thumb Code     4  stm32f10x_i2c.o(i.I2C_SendData)
    IWDG_Enable                              0x08002c55   Thumb Code    10  stm32f10x_iwdg.o(i.IWDG_Enable)
    IWDG_Feed                                0x08002c65   Thumb Code     8  iwdg.o(i.IWDG_Feed)
    IWDG_Init                                0x08002c6d   Thumb Code    52  iwdg.o(i.IWDG_Init)
    IWDG_ReloadCounter                       0x08002ca1   Thumb Code    10  stm32f10x_iwdg.o(i.IWDG_ReloadCounter)
    IWDG_SetPrescaler                        0x08002cb1   Thumb Code     6  stm32f10x_iwdg.o(i.IWDG_SetPrescaler)
    IWDG_SetReload                           0x08002cbd   Thumb Code     6  stm32f10x_iwdg.o(i.IWDG_SetReload)
    IWDG_WriteAccessCmd                      0x08002cc9   Thumb Code     6  stm32f10x_iwdg.o(i.IWDG_WriteAccessCmd)
    IoT_parameter_init                       0x08002cd5   Thumb Code   150  mqtt.o(i.IoT_parameter_init)
    Key_GetNum                               0x08002de5   Thumb Code    62  key.o(i.Key_GetNum)
    Key_Init                                 0x08002e35   Thumb Code    40  key.o(i.Key_Init)
    LED_GetBrightness                        0x08002ea9   Thumb Code     6  led.o(i.LED_GetBrightness)
    LED_Init                                 0x08002eb5   Thumb Code   148  led.o(i.LED_Init)
    LED_SetBrightness                        0x08002f51   Thumb Code    78  led.o(i.LED_SetBrightness)
    LOG_Init                                 0x08002fa9   Thumb Code   112  log.o(i.LOG_Init)
    LOG_WriteChar                            0x08003021   Thumb Code    28  log.o(i.LOG_WriteChar)
    LOG_WriteString                          0x08003041   Thumb Code    28  log.o(i.LOG_WriteString)
    MQTT_Buff_Init                           0x0800305d   Thumb Code    78  mqtt.o(i.MQTT_Buff_Init)
    MQTT_ConectPack                          0x080030ed   Thumb Code   440  mqtt.o(i.MQTT_ConectPack)
    MQTT_DealPushdata_Qs0                    0x080032cd   Thumb Code   192  mqtt.o(i.MQTT_DealPushdata_Qs0)
    MQTT_LoadThresholdFromAT24C02            0x080033a9   Thumb Code   160  mqtt.o(i.MQTT_LoadThresholdFromAT24C02)
    MQTT_ParseOneNetThresholdJson            0x0800344d   Thumb Code   186  mqtt.o(i.MQTT_ParseOneNetThresholdJson)
    MQTT_PingREQ                             0x080035c9   Thumb Code    22  mqtt.o(i.MQTT_PingREQ)
    MQTT_ProcessOneNetThresholdCommand       0x080035e5   Thumb Code    64  mqtt.o(i.MQTT_ProcessOneNetThresholdCommand)
    MQTT_PublishOneNetDpJson                 0x08003635   Thumb Code    72  mqtt.o(i.MQTT_PublishOneNetDpJson)
    MQTT_PublishQs0                          0x08003681   Thumb Code   178  mqtt.o(i.MQTT_PublishQs0)
    MQTT_SaveThresholdToAT24C02              0x08003745   Thumb Code   126  mqtt.o(i.MQTT_SaveThresholdToAT24C02)
    MQTT_Subscribe                           0x080037c9   Thumb Code   128  mqtt.o(i.MQTT_Subscribe)
    MQTT_ThresholdInit                       0x08003859   Thumb Code    30  mqtt.o(i.MQTT_ThresholdInit)
    MemManage_Handler                        0x0800387d   Thumb Code     4  stm32f10x_it.o(i.MemManage_Handler)
    Motor_GetSpeed                           0x080038bd   Thumb Code     6  motor.o(i.Motor_GetSpeed)
    Motor_Init                               0x080038c9   Thumb Code    16  motor.o(i.Motor_Init)
    Motor_SetSpeed                           0x080038d9   Thumb Code    96  motor.o(i.Motor_SetSpeed)
    Motor_Stop                               0x08003941   Thumb Code    10  motor.o(i.Motor_Stop)
    NMI_Handler                              0x0800394b   Thumb Code     2  stm32f10x_it.o(i.NMI_Handler)
    NVIC_Init                                0x0800394d   Thumb Code   100  misc.o(i.NVIC_Init)
    NVIC_PriorityGroupConfig                 0x080039bd   Thumb Code    10  misc.o(i.NVIC_PriorityGroupConfig)
    OLED_Clear                               0x08003bed   Thumb Code    42  oled.o(i.OLED_Clear)
    OLED_Init                                0x08003cd1   Thumb Code   218  oled.o(i.OLED_Init)
    OLED_ShowString                          0x08003e49   Thumb Code    40  oled.o(i.OLED_ShowString)
    OLED_WriteCommand                        0x08003e71   Thumb Code    32  oled.o(i.OLED_WriteCommand)
    OLED_WriteData                           0x08003e91   Thumb Code    32  oled.o(i.OLED_WriteData)
    RCC_APB1PeriphClockCmd                   0x08003f4d   Thumb Code    26  stm32f10x_rcc.o(i.RCC_APB1PeriphClockCmd)
    RCC_APB1PeriphResetCmd                   0x08003f6d   Thumb Code    26  stm32f10x_rcc.o(i.RCC_APB1PeriphResetCmd)
    RCC_APB2PeriphClockCmd                   0x08003f8d   Thumb Code    26  stm32f10x_rcc.o(i.RCC_APB2PeriphClockCmd)
    RCC_APB2PeriphResetCmd                   0x08003fad   Thumb Code    26  stm32f10x_rcc.o(i.RCC_APB2PeriphResetCmd)
    RCC_GetClocksFreq                        0x08003fcd   Thumb Code   192  stm32f10x_rcc.o(i.RCC_GetClocksFreq)
    SysTick_Handler                          0x0800425d   Thumb Code    46  port.o(i.SysTick_Handler)
    SystemCoreClockUpdate                    0x08004291   Thumb Code   142  system_stm32f10x.o(i.SystemCoreClockUpdate)
    SystemInit                               0x08004335   Thumb Code    78  system_stm32f10x.o(i.SystemInit)
    TIM4_IRQHandler                          0x080043b1   Thumb Code   154  stm32f10x_it.o(i.TIM4_IRQHandler)
    TIM_ARRPreloadConfig                     0x08004465   Thumb Code    24  stm32f10x_tim.o(i.TIM_ARRPreloadConfig)
    TIM_ClearITPendingBit                    0x0800447d   Thumb Code     6  stm32f10x_tim.o(i.TIM_ClearITPendingBit)
    TIM_Cmd                                  0x08004483   Thumb Code    24  stm32f10x_tim.o(i.TIM_Cmd)
    TIM_GetITStatus                          0x0800449b   Thumb Code    34  stm32f10x_tim.o(i.TIM_GetITStatus)
    TIM_ITConfig                             0x080044bd   Thumb Code    18  stm32f10x_tim.o(i.TIM_ITConfig)
    TIM_OC1Init                              0x080044d1   Thumb Code   132  stm32f10x_tim.o(i.TIM_OC1Init)
    TIM_OC1PreloadConfig                     0x08004569   Thumb Code    18  stm32f10x_tim.o(i.TIM_OC1PreloadConfig)
    TIM_OC3Init                              0x0800457d   Thumb Code   150  stm32f10x_tim.o(i.TIM_OC3Init)
    TIM_OC3PreloadConfig                     0x0800461d   Thumb Code    18  stm32f10x_tim.o(i.TIM_OC3PreloadConfig)
    TIM_OCStructInit                         0x0800462f   Thumb Code    20  stm32f10x_tim.o(i.TIM_OCStructInit)
    TIM_SetCompare1                          0x08004643   Thumb Code     4  stm32f10x_tim.o(i.TIM_SetCompare1)
    TIM_SetCompare3                          0x08004647   Thumb Code     4  stm32f10x_tim.o(i.TIM_SetCompare3)
    TIM_SetCounter                           0x0800464b   Thumb Code     4  stm32f10x_tim.o(i.TIM_SetCounter)
    TIM_TimeBaseInit                         0x08004651   Thumb Code   122  stm32f10x_tim.o(i.TIM_TimeBaseInit)
    TaskManager_CreateTasks                  0x080046f5   Thumb Code   170  task_manager.o(i.TaskManager_CreateTasks)
    TaskManager_StartScheduler               0x080048a9   Thumb Code    20  task_manager.o(i.TaskManager_StartScheduler)
    TaskNetMqtt_GetRuntime                   0x080048bd   Thumb Code     4  task_net.o(i.TaskNetMqtt_GetRuntime)
    TaskNetMqtt_IsConnected                  0x080048c5   Thumb Code    14  task_net.o(i.TaskNetMqtt_IsConnected)
    TaskNetMqtt_PublishStatusAndThreshold    0x080048d9   Thumb Code   178  task_net.o(i.TaskNetMqtt_PublishStatusAndThreshold)
    TaskOledUi_Init                          0x08004999   Thumb Code    22  task_oled.o(i.TaskOledUi_Init)
    TaskReaction_GetStatus                   0x080049b5   Thumb Code    32  task_reaction.o(i.TaskReaction_GetStatus)
    TaskReaction_Init                        0x080049d9   Thumb Code    36  task_reaction.o(i.TaskReaction_Init)
    TaskReaction_SetHumidifierAuto           0x08004a01   Thumb Code    18  task_reaction.o(i.TaskReaction_SetHumidifierAuto)
    TaskReaction_SetHumidifierManual         0x08004a19   Thumb Code    30  task_reaction.o(i.TaskReaction_SetHumidifierManual)
    TaskReaction_SetLightAuto                0x08004a3d   Thumb Code    18  task_reaction.o(i.TaskReaction_SetLightAuto)
    TaskReaction_SetLightManual              0x08004a55   Thumb Code    30  task_reaction.o(i.TaskReaction_SetLightManual)
    TaskReaction_SetMotorAuto                0x08004a79   Thumb Code    18  task_reaction.o(i.TaskReaction_SetMotorAuto)
    TaskReaction_SetMotorManual              0x08004a91   Thumb Code    36  task_reaction.o(i.TaskReaction_SetMotorManual)
    TaskSensor_GetLatest                     0x08004ab9   Thumb Code    20  task_sensor.o(i.TaskSensor_GetLatest)
    TaskSensor_Init                          0x08004ad1   Thumb Code    40  task_sensor.o(i.TaskSensor_Init)
    Task_NetMqtt                             0x08004b81   Thumb Code   126  task_net.o(i.Task_NetMqtt)
    Task_OledUi                              0x08004c09   Thumb Code    30  task_oled.o(i.Task_OledUi)
    Task_Reaction                            0x08004c27   Thumb Code    22  task_reaction.o(i.Task_Reaction)
    Task_Sensor                              0x08004c3d   Thumb Code    88  task_sensor.o(i.Task_Sensor)
    TxDataBuf_Deal                           0x08004cf1   Thumb Code    86  mqtt.o(i.TxDataBuf_Deal)
    USART2_IRQHandler                        0x08004d55   Thumb Code   140  stm32f10x_it.o(i.USART2_IRQHandler)
    USART_ClearFlag                          0x08004df1   Thumb Code    18  stm32f10x_usart.o(i.USART_ClearFlag)
    USART_ClearITPendingBit                  0x08004e03   Thumb Code    30  stm32f10x_usart.o(i.USART_ClearITPendingBit)
    USART_Cmd                                0x08004e21   Thumb Code    24  stm32f10x_usart.o(i.USART_Cmd)
    USART_DeInit                             0x08004e39   Thumb Code   134  stm32f10x_usart.o(i.USART_DeInit)
    USART_GetFlagStatus                      0x08004ed5   Thumb Code    26  stm32f10x_usart.o(i.USART_GetFlagStatus)
    USART_GetITStatus                        0x08004eef   Thumb Code    84  stm32f10x_usart.o(i.USART_GetITStatus)
    USART_ITConfig                           0x08004f43   Thumb Code    74  stm32f10x_usart.o(i.USART_ITConfig)
    USART_Init                               0x08004f8d   Thumb Code   210  stm32f10x_usart.o(i.USART_Init)
    USART_ReceiveData                        0x08005065   Thumb Code    10  stm32f10x_usart.o(i.USART_ReceiveData)
    USART_SendData                           0x0800506f   Thumb Code     8  stm32f10x_usart.o(i.USART_SendData)
    UsageFault_Handler                       0x080057f1   Thumb Code     4  stm32f10x_it.o(i.UsageFault_Handler)
    WiFi_Connect_IoTServer                   0x080057f5   Thumb Code   224  esp8266.o(i.WiFi_Connect_IoTServer)
    WiFi_Connect_Server                      0x08005b59   Thumb Code   190  esp8266.o(i.WiFi_Connect_Server)
    WiFi_JoinAP                              0x08005cbd   Thumb Code    88  esp8266.o(i.WiFi_JoinAP)
    WiFi_Reset                               0x08005d59   Thumb Code   156  esp8266.o(i.WiFi_Reset)
    WiFi_SendCmd                             0x08005e2d   Thumb Code    86  esp8266.o(i.WiFi_SendCmd)
    __ARM_fpclassify                         0x08005ea1   Thumb Code    40  fpclassify.o(i.__ARM_fpclassify)
    _is_digit                                0x08005ec9   Thumb Code    14  __printf_wp.o(i._is_digit)
    _sys_exit                                0x08005ed7   Thumb Code     4  log.o(i._sys_exit)
    delay_init                               0x08005ef1   Thumb Code    52  delay.o(i.delay_init)
    delay_ms                                 0x08005f35   Thumb Code    82  delay.o(i.delay_ms)
    delay_us                                 0x08005f8d   Thumb Code    44  delay.o(i.delay_us)
    ferror                                   0x08005fc1   Thumb Code     8  log.o(i.ferror)
    fputc                                    0x08005fc9   Thumb Code    16  log.o(i.fputc)
    main                                     0x08005fd9   Thumb Code    56  main.o(i.main)
    pvPortMalloc                             0x08006795   Thumb Code   234  heap_4.o(i.pvPortMalloc)
    pxPortInitialiseStack                    0x08006895   Thumb Code    30  port.o(i.pxPortInitialiseStack)
    u2_TxData                                0x080068f1   Thumb Code    58  usart2.o(i.u2_TxData)
    u2_printf                                0x08006931   Thumb Code    88  usart2.o(i.u2_printf)
    usart2_init                              0x08006991   Thumb Code   182  usart2.o(i.usart2_init)
    usart2_rx_timer_init                     0x08006a51   Thumb Code    98  usart2.o(i.usart2_rx_timer_init)
    uxListRemove                             0x08006ab9   Thumb Code    40  list.o(i.uxListRemove)
    vListInitialise                          0x08006ae1   Thumb Code    26  list.o(i.vListInitialise)
    vListInitialiseItem                      0x08006afb   Thumb Code     6  list.o(i.vListInitialiseItem)
    vListInsert                              0x08006b01   Thumb Code    52  list.o(i.vListInsert)
    vPortEnterCritical                       0x08006b35   Thumb Code    30  port.o(i.vPortEnterCritical)
    vPortExitCritical                        0x08006b59   Thumb Code    28  port.o(i.vPortExitCritical)
    vPortFree                                0x08006b79   Thumb Code    68  heap_4.o(i.vPortFree)
    vPortSetupTimerInterrupt                 0x08006bc5   Thumb Code    20  port.o(i.vPortSetupTimerInterrupt)
    vTaskDelay                               0x08006bdd   Thumb Code    46  tasks.o(i.vTaskDelay)
    vTaskInternalSetTimeOutState             0x08006c11   Thumb Code    14  tasks.o(i.vTaskInternalSetTimeOutState)
    vTaskMissedYield                         0x08006c29   Thumb Code     8  tasks.o(i.vTaskMissedYield)
    vTaskPlaceOnEventList                    0x08006c35   Thumb Code    28  tasks.o(i.vTaskPlaceOnEventList)
    vTaskStartScheduler                      0x08006c55   Thumb Code    60  tasks.o(i.vTaskStartScheduler)
    vTaskSuspendAll                          0x08006ca1   Thumb Code    12  tasks.o(i.vTaskSuspendAll)
    vTaskSwitchContext                       0x08006cb1   Thumb Code    84  tasks.o(i.vTaskSwitchContext)
    wifi_reset_io_init                       0x08006d19   Thumb Code    48  esp8266.o(i.wifi_reset_io_init)
    xPortStartScheduler                      0x08006d4d   Thumb Code    42  port.o(i.xPortStartScheduler)
    xQueueGenericCreate                      0x08006d81   Thumb Code    76  queue.o(i.xQueueGenericCreate)
    xQueueGenericReset                       0x08006dcd   Thumb Code   156  queue.o(i.xQueueGenericReset)
    xQueueGenericSend                        0x08006e6d   Thumb Code   276  queue.o(i.xQueueGenericSend)
    xTaskCheckForTimeOut                     0x08006f85   Thumb Code    88  tasks.o(i.xTaskCheckForTimeOut)
    xTaskCreate                              0x08006fe5   Thumb Code    56  tasks.o(i.xTaskCreate)
    xTaskGetTickCount                        0x0800701d   Thumb Code     6  tasks.o(i.xTaskGetTickCount)
    xTaskIncrementTick                       0x08007029   Thumb Code   372  tasks.o(i.xTaskIncrementTick)
    xTaskRemoveFromEventList                 0x080071c9   Thumb Code   256  tasks.o(i.xTaskRemoveFromEventList)
    xTaskResumeAll                           0x080072e1   Thumb Code   344  tasks.o(i.xTaskResumeAll)
    _get_lc_ctype                            0x0800745d   Thumb Code    44  lc_ctype_c.o(locale$$code)
    _get_lc_numeric                          0x08007489   Thumb Code    44  lc_numeric_c.o(locale$$code)
    __aeabi_fdiv                             0x080074b5   Thumb Code     0  fdiv.o(x$fpl$fdiv)
    _fdiv                                    0x080074b5   Thumb Code   384  fdiv.o(x$fpl$fdiv)
    __aeabi_f2uiz                            0x08007639   Thumb Code     0  ffixu.o(x$fpl$ffixu)
    _ffixu                                   0x08007639   Thumb Code    62  ffixu.o(x$fpl$ffixu)
    __aeabi_ui2f                             0x08007679   Thumb Code     0  fflt_clz.o(x$fpl$ffltu)
    _ffltu                                   0x08007679   Thumb Code    38  fflt_clz.o(x$fpl$ffltu)
    __fpl_fnaninf                            0x0800769f   Thumb Code   140  fnaninf.o(x$fpl$fnaninf)
    __fpl_fretinf                            0x0800772b   Thumb Code    10  fretinf.o(x$fpl$fretinf)
    _printf_fp_dec                           0x08007735   Thumb Code     4  printf1.o(x$fpl$printf1)
    _printf_fp_hex                           0x08007739   Thumb Code     4  printf2.o(x$fpl$printf2)
    OLED_F8x16                               0x0800773c   Data        1520  oled.o(.constdata)
    __I$use$fp                               0x0800773c   Number         0  usenofp.o(x$fpl$usenofp)
    SSID                                     0x08007d2c   Data           6  task_net.o(.constdata)
    PASS                                     0x08007d32   Data           9  task_net.o(.constdata)
    PRODUCTID                                0x08007d3b   Data          11  task_net.o(.constdata)
    DEVICEID                                 0x08007d46   Data           8  task_net.o(.constdata)
    AUTHENTICATION                           0x08007d4e   Data          45  task_net.o(.constdata)
    DATA_TOPIC_NAME                          0x08007d7b   Data           4  task_net.o(.constdata)
    SERVER_IP                                0x08007d7f   Data          14  task_net.o(.constdata)
    SERVER_PORT                              0x08007d90   Data           4  task_net.o(.constdata)
    CMD_TOPIC_NAME                           0x08007d94   Data           8  task_net.o(.constdata)
    Region$$Table$$Base                      0x08008088   Number         0  anon$$obj.o(Region$$Table)
    Region$$Table$$Limit                     0x080080a8   Number         0  anon$$obj.o(Region$$Table)
    __ctype                                  0x080080b5   Data           0  lc_ctype_c.o(locale$$data)
    SystemCoreClock                          0x20000000   Data           4  system_stm32f10x.o(.data)
    AHBPrescTable                            0x20000004   Data          16  system_stm32f10x.o(.data)
    __stdout                                 0x20000030   Data           4  log.o(.data)
    __stdin                                  0x20000034   Data           4  log.o(.data)
    MQTT_RxDataInPtr                         0x20000044   Data           4  mqtt.o(.data)
    MQTT_RxDataOutPtr                        0x20000048   Data           4  mqtt.o(.data)
    MQTT_RxDataEndPtr                        0x2000004c   Data           4  mqtt.o(.data)
    MQTT_TxDataInPtr                         0x20000050   Data           4  mqtt.o(.data)
    MQTT_TxDataOutPtr                        0x20000054   Data           4  mqtt.o(.data)
    MQTT_TxDataEndPtr                        0x20000058   Data           4  mqtt.o(.data)
    MQTT_CMDInPtr                            0x2000005c   Data           4  mqtt.o(.data)
    MQTT_CMDOutPtr                           0x20000060   Data           4  mqtt.o(.data)
    MQTT_CMDEndPtr                           0x20000064   Data           4  mqtt.o(.data)
    ClientID_len                             0x20000068   Data           4  mqtt.o(.data)
    Username_len                             0x2000006c   Data           4  mqtt.o(.data)
    Passward_len                             0x20000070   Data           4  mqtt.o(.data)
    ServerPort                               0x20000074   Data           4  mqtt.o(.data)
    Fixed_len                                0x20000078   Data           4  mqtt.o(.data)
    Variable_len                             0x2000007c   Data           4  mqtt.o(.data)
    Payload_len                              0x20000080   Data           4  mqtt.o(.data)
    pingFlag                                 0x20000084   Data           1  mqtt.o(.data)
    g_mqtt_threshold                         0x20000086   Data           6  mqtt.o(.data)
    Usart2_RxCounter                         0x2000008c   Data           4  usart2.o(.data)
    g_sensor_queue                           0x20000090   Data           4  task_sensor.o(.data)
    g_task_net_mqtt_handle                   0x200000a8   Data           4  task_manager.o(.data)
    g_task_sensor_handle                     0x200000ac   Data           4  task_manager.o(.data)
    g_task_reaction_handle                   0x200000b0   Data           4  task_manager.o(.data)
    g_task_oled_handle                       0x200000b4   Data           4  task_manager.o(.data)
    g_task_status_handle                     0x200000b8   Data           4  task_manager.o(.data)
    pxCurrentTCB                             0x200000dc   Data           4  tasks.o(.data)
    MQTT_RxDataBuf                           0x2000011c   Data        1024  mqtt.o(.bss)
    MQTT_TxDataBuf                           0x2000051c   Data        1024  mqtt.o(.bss)
    MQTT_CMDBuf                              0x2000091c   Data        1024  mqtt.o(.bss)
    ClientID                                 0x20000d1c   Data         128  mqtt.o(.bss)
    Username                                 0x20000d9c   Data         128  mqtt.o(.bss)
    Passward                                 0x20000e1c   Data         128  mqtt.o(.bss)
    ServerIP                                 0x20000e9c   Data         128  mqtt.o(.bss)
    temp_buff                                0x20000f1c   Data         256  mqtt.o(.bss)
    Usart2_RxBuff                            0x2000101c   Data         512  usart2.o(.bss)
    USART2_TxBuff                            0x2000121c   Data         512  usart2.o(.bss)
    g_net_mqtt_runtime                       0x20001428   Data          20  task_net.o(.bss)
    __libspace_start                         0x2000452c   Data          96  libspace.o(.bss)
    __temporary_stack_top$libspace           0x2000458c   Data           0  libspace.o(.bss)



==============================================================================

Memory Map of the image

  Image Entry point : 0x080000ed

  Load Region LR_IROM1 (Base: 0x08000000, Size: 0x000082f0, Max: 0x00010000, ABSOLUTE)

    Execution Region ER_IROM1 (Exec base: 0x08000000, Load base: 0x08000000, Size: 0x000081d4, Max: 0x00010000, ABSOLUTE)

    Exec Addr    Load Addr    Size         Type   Attr      Idx    E Section Name        Object

    0x08000000   0x08000000   0x000000ec   Data   RO            3    RESET               startup_stm32f10x_md.o
    0x080000ec   0x080000ec   0x00000008   Code   RO         5328  * !!!main             c_w.l(__main.o)
    0x080000f4   0x080000f4   0x00000034   Code   RO         5657    !!!scatter          c_w.l(__scatter.o)
    0x08000128   0x08000128   0x0000001a   Code   RO         5659    !!handler_copy      c_w.l(__scatter_copy.o)
    0x08000142   0x08000142   0x00000002   PAD
    0x08000144   0x08000144   0x0000001c   Code   RO         5661    !!handler_zi        c_w.l(__scatter_zi.o)
    0x08000160   0x08000160   0x00000000   Code   RO         5311    .ARM.Collect$$_printf_percent$$00000000  c_w.l(_printf_percent.o)
    0x08000160   0x08000160   0x00000006   Code   RO         5406    .ARM.Collect$$_printf_percent$$00000001  c_w.l(_printf_n.o)
    0x08000166   0x08000166   0x00000006   Code   RO         5408    .ARM.Collect$$_printf_percent$$00000002  c_w.l(_printf_p.o)
    0x0800016c   0x0800016c   0x00000006   Code   RO         5411    .ARM.Collect$$_printf_percent$$00000003  c_w.l(_printf_f.o)
    0x08000172   0x08000172   0x00000006   Code   RO         5412    .ARM.Collect$$_printf_percent$$00000004  c_w.l(_printf_e.o)
    0x08000178   0x08000178   0x00000006   Code   RO         5413    .ARM.Collect$$_printf_percent$$00000005  c_w.l(_printf_g.o)
    0x0800017e   0x0800017e   0x00000006   Code   RO         5414    .ARM.Collect$$_printf_percent$$00000006  c_w.l(_printf_a.o)
    0x08000184   0x08000184   0x0000000a   Code   RO         5419    .ARM.Collect$$_printf_percent$$00000007  c_w.l(_printf_ll.o)
    0x0800018e   0x0800018e   0x00000006   Code   RO         5410    .ARM.Collect$$_printf_percent$$00000008  c_w.l(_printf_i.o)
    0x08000194   0x08000194   0x00000006   Code   RO         5309    .ARM.Collect$$_printf_percent$$00000009  c_w.l(_printf_d.o)
    0x0800019a   0x0800019a   0x00000006   Code   RO         5310    .ARM.Collect$$_printf_percent$$0000000A  c_w.l(_printf_u.o)
    0x080001a0   0x080001a0   0x00000006   Code   RO         5409    .ARM.Collect$$_printf_percent$$0000000B  c_w.l(_printf_o.o)
    0x080001a6   0x080001a6   0x00000006   Code   RO         5407    .ARM.Collect$$_printf_percent$$0000000C  c_w.l(_printf_x.o)
    0x080001ac   0x080001ac   0x00000006   Code   RO         5416    .ARM.Collect$$_printf_percent$$0000000D  c_w.l(_printf_lli.o)
    0x080001b2   0x080001b2   0x00000006   Code   RO         5417    .ARM.Collect$$_printf_percent$$0000000E  c_w.l(_printf_lld.o)
    0x080001b8   0x080001b8   0x00000006   Code   RO         5418    .ARM.Collect$$_printf_percent$$0000000F  c_w.l(_printf_llu.o)
    0x080001be   0x080001be   0x00000006   Code   RO         5423    .ARM.Collect$$_printf_percent$$00000010  c_w.l(_printf_llo.o)
    0x080001c4   0x080001c4   0x00000006   Code   RO         5424    .ARM.Collect$$_printf_percent$$00000011  c_w.l(_printf_llx.o)
    0x080001ca   0x080001ca   0x0000000a   Code   RO         5420    .ARM.Collect$$_printf_percent$$00000012  c_w.l(_printf_l.o)
    0x080001d4   0x080001d4   0x00000006   Code   RO         5307    .ARM.Collect$$_printf_percent$$00000013  c_w.l(_printf_c.o)
    0x080001da   0x080001da   0x00000006   Code   RO         5308    .ARM.Collect$$_printf_percent$$00000014  c_w.l(_printf_s.o)
    0x080001e0   0x080001e0   0x00000006   Code   RO         5421    .ARM.Collect$$_printf_percent$$00000015  c_w.l(_printf_lc.o)
    0x080001e6   0x080001e6   0x00000006   Code   RO         5422    .ARM.Collect$$_printf_percent$$00000016  c_w.l(_printf_ls.o)
    0x080001ec   0x080001ec   0x00000004   Code   RO         5415    .ARM.Collect$$_printf_percent$$00000017  c_w.l(_printf_percent_end.o)
    0x080001f0   0x080001f0   0x00000002   Code   RO         5530    .ARM.Collect$$libinit$$00000000  c_w.l(libinit.o)
    0x080001f2   0x080001f2   0x00000000   Code   RO         5532    .ARM.Collect$$libinit$$00000002  c_w.l(libinit2.o)
    0x080001f2   0x080001f2   0x00000000   Code   RO         5534    .ARM.Collect$$libinit$$00000004  c_w.l(libinit2.o)
    0x080001f2   0x080001f2   0x00000000   Code   RO         5537    .ARM.Collect$$libinit$$0000000A  c_w.l(libinit2.o)
    0x080001f2   0x080001f2   0x00000000   Code   RO         5539    .ARM.Collect$$libinit$$0000000C  c_w.l(libinit2.o)
    0x080001f2   0x080001f2   0x00000000   Code   RO         5541    .ARM.Collect$$libinit$$0000000E  c_w.l(libinit2.o)
    0x080001f2   0x080001f2   0x00000006   Code   RO         5542    .ARM.Collect$$libinit$$0000000F  c_w.l(libinit2.o)
    0x080001f8   0x080001f8   0x00000000   Code   RO         5544    .ARM.Collect$$libinit$$00000011  c_w.l(libinit2.o)
    0x080001f8   0x080001f8   0x0000000c   Code   RO         5545    .ARM.Collect$$libinit$$00000012  c_w.l(libinit2.o)
    0x08000204   0x08000204   0x00000000   Code   RO         5546    .ARM.Collect$$libinit$$00000013  c_w.l(libinit2.o)
    0x08000204   0x08000204   0x00000000   Code   RO         5548    .ARM.Collect$$libinit$$00000015  c_w.l(libinit2.o)
    0x08000204   0x08000204   0x0000000a   Code   RO         5549    .ARM.Collect$$libinit$$00000016  c_w.l(libinit2.o)
    0x0800020e   0x0800020e   0x00000000   Code   RO         5550    .ARM.Collect$$libinit$$00000017  c_w.l(libinit2.o)
    0x0800020e   0x0800020e   0x00000000   Code   RO         5552    .ARM.Collect$$libinit$$00000019  c_w.l(libinit2.o)
    0x0800020e   0x0800020e   0x00000000   Code   RO         5554    .ARM.Collect$$libinit$$0000001B  c_w.l(libinit2.o)
    0x0800020e   0x0800020e   0x00000000   Code   RO         5556    .ARM.Collect$$libinit$$0000001D  c_w.l(libinit2.o)
    0x0800020e   0x0800020e   0x00000000   Code   RO         5558    .ARM.Collect$$libinit$$0000001F  c_w.l(libinit2.o)
    0x0800020e   0x0800020e   0x00000000   Code   RO         5560    .ARM.Collect$$libinit$$00000021  c_w.l(libinit2.o)
    0x0800020e   0x0800020e   0x00000000   Code   RO         5562    .ARM.Collect$$libinit$$00000023  c_w.l(libinit2.o)
    0x0800020e   0x0800020e   0x00000000   Code   RO         5564    .ARM.Collect$$libinit$$00000025  c_w.l(libinit2.o)
    0x0800020e   0x0800020e   0x00000000   Code   RO         5568    .ARM.Collect$$libinit$$0000002C  c_w.l(libinit2.o)
    0x0800020e   0x0800020e   0x00000000   Code   RO         5570    .ARM.Collect$$libinit$$0000002E  c_w.l(libinit2.o)
    0x0800020e   0x0800020e   0x00000000   Code   RO         5572    .ARM.Collect$$libinit$$00000030  c_w.l(libinit2.o)
    0x0800020e   0x0800020e   0x00000000   Code   RO         5574    .ARM.Collect$$libinit$$00000032  c_w.l(libinit2.o)
    0x0800020e   0x0800020e   0x00000002   Code   RO         5575    .ARM.Collect$$libinit$$00000033  c_w.l(libinit2.o)
    0x08000210   0x08000210   0x00000002   Code   RO         5621    .ARM.Collect$$libshutdown$$00000000  c_w.l(libshutdown.o)
    0x08000212   0x08000212   0x00000000   Code   RO         5640    .ARM.Collect$$libshutdown$$00000002  c_w.l(libshutdown2.o)
    0x08000212   0x08000212   0x00000000   Code   RO         5642    .ARM.Collect$$libshutdown$$00000004  c_w.l(libshutdown2.o)
    0x08000212   0x08000212   0x00000000   Code   RO         5645    .ARM.Collect$$libshutdown$$00000007  c_w.l(libshutdown2.o)
    0x08000212   0x08000212   0x00000000   Code   RO         5648    .ARM.Collect$$libshutdown$$0000000A  c_w.l(libshutdown2.o)
    0x08000212   0x08000212   0x00000000   Code   RO         5650    .ARM.Collect$$libshutdown$$0000000C  c_w.l(libshutdown2.o)
    0x08000212   0x08000212   0x00000000   Code   RO         5653    .ARM.Collect$$libshutdown$$0000000F  c_w.l(libshutdown2.o)
    0x08000212   0x08000212   0x00000002   Code   RO         5654    .ARM.Collect$$libshutdown$$00000010  c_w.l(libshutdown2.o)
    0x08000214   0x08000214   0x00000000   Code   RO         5344    .ARM.Collect$$rtentry$$00000000  c_w.l(__rtentry.o)
    0x08000214   0x08000214   0x00000000   Code   RO         5446    .ARM.Collect$$rtentry$$00000002  c_w.l(__rtentry2.o)
    0x08000214   0x08000214   0x00000006   Code   RO         5458    .ARM.Collect$$rtentry$$00000004  c_w.l(__rtentry4.o)
    0x0800021a   0x0800021a   0x00000000   Code   RO         5448    .ARM.Collect$$rtentry$$00000009  c_w.l(__rtentry2.o)
    0x0800021a   0x0800021a   0x00000004   Code   RO         5449    .ARM.Collect$$rtentry$$0000000A  c_w.l(__rtentry2.o)
    0x0800021e   0x0800021e   0x00000000   Code   RO         5451    .ARM.Collect$$rtentry$$0000000C  c_w.l(__rtentry2.o)
    0x0800021e   0x0800021e   0x00000008   Code   RO         5452    .ARM.Collect$$rtentry$$0000000D  c_w.l(__rtentry2.o)
    0x08000226   0x08000226   0x00000002   Code   RO         5580    .ARM.Collect$$rtexit$$00000000  c_w.l(rtexit.o)
    0x08000228   0x08000228   0x00000000   Code   RO         5593    .ARM.Collect$$rtexit$$00000002  c_w.l(rtexit2.o)
    0x08000228   0x08000228   0x00000004   Code   RO         5594    .ARM.Collect$$rtexit$$00000003  c_w.l(rtexit2.o)
    0x0800022c   0x0800022c   0x00000006   Code   RO         5595    .ARM.Collect$$rtexit$$00000004  c_w.l(rtexit2.o)
    0x08000232   0x08000232   0x00000002   PAD
    0x08000234   0x08000234   0x00000096   Code   RO         4498    .emb_text           port.o
    0x080002ca   0x080002ca   0x00000002   PAD
    0x080002cc   0x080002cc   0x00000040   Code   RO            4    .text               startup_stm32f10x_md.o
    0x0800030c   0x0800030c   0x00000002   Code   RO         5263    .text               c_w.l(use_no_semi.o)
    0x0800030e   0x0800030e   0x000000ee   Code   RO         5265    .text               c_w.l(lludivv7m.o)
    0x080003fc   0x080003fc   0x00000034   Code   RO         5267    .text               c_w.l(vsnprintf.o)
    0x08000430   0x08000430   0x00000018   Code   RO         5269    .text               c_w.l(__2printf.o)
    0x08000448   0x08000448   0x0000002c   Code   RO         5271    .text               c_w.l(__2sprintf.o)
    0x08000474   0x08000474   0x00000038   Code   RO         5273    .text               c_w.l(__2snprintf.o)
    0x080004ac   0x080004ac   0x00000052   Code   RO         5283    .text               c_w.l(_printf_str.o)
    0x080004fe   0x080004fe   0x00000002   PAD
    0x08000500   0x08000500   0x00000078   Code   RO         5285    .text               c_w.l(_printf_dec.o)
    0x08000578   0x08000578   0x00000188   Code   RO         5304    .text               c_w.l(__printf_flags_ss_wp.o)
    0x08000700   0x08000700   0x00000070   Code   RO         5312    .text               c_w.l(strtol.o)
    0x08000770   0x08000770   0x00000014   Code   RO         5314    .text               c_w.l(strchr.o)
    0x08000784   0x08000784   0x00000024   Code   RO         5316    .text               c_w.l(strstr.o)
    0x080007a8   0x080007a8   0x0000003e   Code   RO         5318    .text               c_w.l(strlen.o)
    0x080007e6   0x080007e6   0x0000008a   Code   RO         5320    .text               c_w.l(rt_memcpy_v6.o)
    0x08000870   0x08000870   0x00000044   Code   RO         5322    .text               c_w.l(rt_memclr.o)
    0x080008b4   0x080008b4   0x0000004e   Code   RO         5324    .text               c_w.l(rt_memclr_w.o)
    0x08000902   0x08000902   0x00000006   Code   RO         5326    .text               c_w.l(heapauxi.o)
    0x08000908   0x08000908   0x00000010   Code   RO         5345    .text               c_w.l(rt_ctype_table.o)
    0x08000918   0x08000918   0x00000008   Code   RO         5354    .text               c_w.l(rt_errno_addr_intlibspace.o)
    0x08000920   0x08000920   0x0000004e   Code   RO         5356    .text               c_w.l(_printf_pad.o)
    0x0800096e   0x0800096e   0x00000024   Code   RO         5358    .text               c_w.l(_printf_truncate.o)
    0x08000992   0x08000992   0x000000b2   Code   RO         5360    .text               c_w.l(_printf_intcommon.o)
    0x08000a44   0x08000a44   0x00000028   Code   RO         5362    .text               c_w.l(_printf_charcount.o)
    0x08000a6c   0x08000a6c   0x00000030   Code   RO         5364    .text               c_w.l(_printf_char_common.o)
    0x08000a9c   0x08000a9c   0x0000000a   Code   RO         5366    .text               c_w.l(_sputc.o)
    0x08000aa6   0x08000aa6   0x00000010   Code   RO         5368    .text               c_w.l(_snputc.o)
    0x08000ab6   0x08000ab6   0x0000002c   Code   RO         5370    .text               c_w.l(_printf_char.o)
    0x08000ae2   0x08000ae2   0x00000002   PAD
    0x08000ae4   0x08000ae4   0x00000024   Code   RO         5372    .text               c_w.l(_printf_char_file.o)
    0x08000b08   0x08000b08   0x000000bc   Code   RO         5374    .text               c_w.l(_printf_wctomb.o)
    0x08000bc4   0x08000bc4   0x0000007c   Code   RO         5377    .text               c_w.l(_printf_longlong_dec.o)
    0x08000c40   0x08000c40   0x00000070   Code   RO         5383    .text               c_w.l(_printf_oct_int_ll.o)
    0x08000cb0   0x08000cb0   0x00000094   Code   RO         5403    .text               c_w.l(_printf_hex_int_ll_ptr.o)
    0x08000d44   0x08000d44   0x0000009e   Code   RO         5425    .text               c_w.l(_strtoul.o)
    0x08000de2   0x08000de2   0x00000064   Code   RO         5427    .text               c_w.l(rt_memcpy_w.o)
    0x08000e46   0x08000e46   0x00000002   PAD
    0x08000e48   0x08000e48   0x00000008   Code   RO         5442    .text               c_w.l(libspace.o)
    0x08000e50   0x08000e50   0x00000008   Code   RO         5465    .text               c_w.l(rt_locale_intlibspace.o)
    0x08000e58   0x08000e58   0x0000008a   Code   RO         5467    .text               c_w.l(lludiv10.o)
    0x08000ee2   0x08000ee2   0x0000041e   Code   RO         5469    .text               c_w.l(_printf_fp_dec.o)
    0x08001300   0x08001300   0x000002fc   Code   RO         5471    .text               c_w.l(_printf_fp_hex.o)
    0x080015fc   0x080015fc   0x0000002c   Code   RO         5476    .text               c_w.l(_printf_wchar.o)
    0x08001628   0x08001628   0x0000001c   Code   RO         5478    .text               c_w.l(_chval.o)
    0x08001644   0x08001644   0x00000040   Code   RO         5480    .text               c_w.l(_wcrtomb.o)
    0x08001684   0x08001684   0x0000004a   Code   RO         5485    .text               c_w.l(sys_stackheap_outer.o)
    0x080016ce   0x080016ce   0x00000002   PAD
    0x080016d0   0x080016d0   0x00000080   Code   RO         5487    .text               c_w.l(_printf_fp_infnan.o)
    0x08001750   0x08001750   0x000000e4   Code   RO         5489    .text               c_w.l(bigflt0.o)
    0x08001834   0x08001834   0x00000012   Code   RO         5517    .text               c_w.l(exit.o)
    0x08001846   0x08001846   0x00000002   PAD
    0x08001848   0x08001848   0x00000080   Code   RO         5523    .text               c_w.l(strcmpv7m.o)
    0x080018c8   0x080018c8   0x0000003e   Code   RO         5492    CL$$btod_d2e        c_w.l(btod.o)
    0x08001906   0x08001906   0x00000046   Code   RO         5494    CL$$btod_d2e_denorm_low  c_w.l(btod.o)
    0x0800194c   0x0800194c   0x00000060   Code   RO         5493    CL$$btod_d2e_norm_op1  c_w.l(btod.o)
    0x080019ac   0x080019ac   0x00000338   Code   RO         5502    CL$$btod_div_common  c_w.l(btod.o)
    0x08001ce4   0x08001ce4   0x000000dc   Code   RO         5499    CL$$btod_e2e        c_w.l(btod.o)
    0x08001dc0   0x08001dc0   0x0000002a   Code   RO         5496    CL$$btod_ediv       c_w.l(btod.o)
    0x08001dea   0x08001dea   0x0000002a   Code   RO         5495    CL$$btod_emul       c_w.l(btod.o)
    0x08001e14   0x08001e14   0x00000244   Code   RO         5501    CL$$btod_mult_common  c_w.l(btod.o)
    0x08002058   0x08002058   0x0000007c   Code   RO         3391    i.AT24C_Init        at24c02.o
    0x080020d4   0x080020d4   0x000000c8   Code   RO         3393    i.AT24C_ReadByte    at24c02.o
    0x0800219c   0x0800219c   0x00000028   Code   RO         3394    i.AT24C_WaitEvent   at24c02.o
    0x080021c4   0x080021c4   0x0000000a   Code   RO         3395    i.AT24C_WaitWriteCycle  at24c02.o
    0x080021ce   0x080021ce   0x00000002   PAD
    0x080021d0   0x080021d0   0x00000084   Code   RO         3397    i.AT24C_WriteByte   at24c02.o
    0x08002254   0x08002254   0x0000007c   Code   RO         3450    i.BH1750_Init       bh1750.o
    0x080022d0   0x080022d0   0x0000001c   Code   RO         3451    i.BH1750_Init_Config  bh1750.o
    0x080022ec   0x080022ec   0x00000088   Code   RO         3452    i.BH1750_Read_Lux   bh1750.o
    0x08002374   0x08002374   0x000000a0   Code   RO         3453    i.BH1750_Read_Raw   bh1750.o
    0x08002414   0x08002414   0x00000028   Code   RO         3454    i.BH1750_WaitEvent  bh1750.o
    0x0800243c   0x0800243c   0x00000068   Code   RO         3455    i.BH1750_Write_Cmd  bh1750.o
    0x080024a4   0x080024a4   0x00000004   Code   RO         5204    i.BusFault_Handler  stm32f10x_it.o
    0x080024a8   0x080024a8   0x00000074   Code   RO         3863    i.CMDBuf_Deal       mqtt.o
    0x0800251c   0x0800251c   0x00000028   Code   RO         3492    i.DHT11_Delay_us    dht11.o
    0x08002544   0x08002544   0x00000038   Code   RO         3493    i.DHT11_Init        dht11.o
    0x0800257c   0x0800257c   0x0000002a   Code   RO         3494    i.DHT11_Median3     dht11.o
    0x080025a6   0x080025a6   0x00000002   PAD
    0x080025a8   0x080025a8   0x00000020   Code   RO         3495    i.DHT11_Mode_In     dht11.o
    0x080025c8   0x080025c8   0x00000024   Code   RO         3496    i.DHT11_Mode_Out    dht11.o
    0x080025ec   0x080025ec   0x00000054   Code   RO         3497    i.DHT11_Read_Bit    dht11.o
    0x08002640   0x08002640   0x000000a4   Code   RO         3498    i.DHT11_Read_Data   dht11.o
    0x080026e4   0x080026e4   0x000000ec   Code   RO         3499    i.DHT11_Read_Data_Raw  dht11.o
    0x080027d0   0x080027d0   0x00000034   Code   RO         3500    i.DHT11_Wait_PinState  dht11.o
    0x08002804   0x08002804   0x00000002   Code   RO         5205    i.DebugMon_Handler  stm32f10x_it.o
    0x08002806   0x08002806   0x00000002   PAD
    0x08002808   0x08002808   0x00000028   Code   RO         3196    i.Delay_DwtInit     delay.o
    0x08002830   0x08002830   0x0000000c   Code   RO         3197    i.Delay_ms          delay.o
    0x0800283c   0x0800283c   0x00000116   Code   RO         1347    i.GPIO_Init         stm32f10x_gpio.o
    0x08002952   0x08002952   0x00000012   Code   RO         1351    i.GPIO_ReadInputDataBit  stm32f10x_gpio.o
    0x08002964   0x08002964   0x00000004   Code   RO         1354    i.GPIO_ResetBits    stm32f10x_gpio.o
    0x08002968   0x08002968   0x00000004   Code   RO         1355    i.GPIO_SetBits      stm32f10x_gpio.o
    0x0800296c   0x0800296c   0x0000000a   Code   RO         1358    i.GPIO_WriteBit     stm32f10x_gpio.o
    0x08002976   0x08002976   0x00000002   PAD
    0x08002978   0x08002978   0x0000002c   Code   RO         3550    i.HC_SR501_Init     hc_sr501.o
    0x080029a4   0x080029a4   0x0000001c   Code   RO         3551    i.HC_SR501_ReadRaw  hc_sr501.o
    0x080029c0   0x080029c0   0x00000038   Code   RO         3552    i.HC_SR501_ReadStable  hc_sr501.o
    0x080029f8   0x080029f8   0x00000004   Code   RO         5206    i.HardFault_Handler  stm32f10x_it.o
    0x080029fc   0x080029fc   0x00000040   Code   RO         3759    i.Humidifier_Control  humidity.o
    0x08002a3c   0x08002a3c   0x0000000c   Code   RO         3760    i.Humidifier_GetState  humidity.o
    0x08002a48   0x08002a48   0x0000003c   Code   RO         3761    i.Humidifier_Init   humidity.o
    0x08002a84   0x08002a84   0x00000018   Code   RO         1459    i.I2C_AcknowledgeConfig  stm32f10x_i2c.o
    0x08002a9c   0x08002a9c   0x0000002a   Code   RO         1461    i.I2C_CheckEvent    stm32f10x_i2c.o
    0x08002ac6   0x08002ac6   0x00000018   Code   RO         1464    i.I2C_Cmd           stm32f10x_i2c.o
    0x08002ade   0x08002ade   0x00000002   PAD
    0x08002ae0   0x08002ae0   0x00000038   Code   RO         1467    i.I2C_DeInit        stm32f10x_i2c.o
    0x08002b18   0x08002b18   0x00000018   Code   RO         1471    i.I2C_GenerateSTART  stm32f10x_i2c.o
    0x08002b30   0x08002b30   0x00000018   Code   RO         1472    i.I2C_GenerateSTOP  stm32f10x_i2c.o
    0x08002b48   0x08002b48   0x000000ec   Code   RO         1478    i.I2C_Init          stm32f10x_i2c.o
    0x08002c34   0x08002c34   0x00000008   Code   RO         1483    i.I2C_ReceiveData   stm32f10x_i2c.o
    0x08002c3c   0x08002c3c   0x00000012   Code   RO         1485    i.I2C_Send7bitAddress  stm32f10x_i2c.o
    0x08002c4e   0x08002c4e   0x00000004   Code   RO         1486    i.I2C_SendData      stm32f10x_i2c.o
    0x08002c52   0x08002c52   0x00000002   PAD
    0x08002c54   0x08002c54   0x00000010   Code   RO         1665    i.IWDG_Enable       stm32f10x_iwdg.o
    0x08002c64   0x08002c64   0x00000008   Code   RO         3284    i.IWDG_Feed         iwdg.o
    0x08002c6c   0x08002c6c   0x00000034   Code   RO         3285    i.IWDG_Init         iwdg.o
    0x08002ca0   0x08002ca0   0x00000010   Code   RO         1667    i.IWDG_ReloadCounter  stm32f10x_iwdg.o
    0x08002cb0   0x08002cb0   0x0000000c   Code   RO         1668    i.IWDG_SetPrescaler  stm32f10x_iwdg.o
    0x08002cbc   0x08002cbc   0x0000000c   Code   RO         1669    i.IWDG_SetReload    stm32f10x_iwdg.o
    0x08002cc8   0x08002cc8   0x0000000c   Code   RO         1670    i.IWDG_WriteAccessCmd  stm32f10x_iwdg.o
    0x08002cd4   0x08002cd4   0x00000110   Code   RO         3864    i.IoT_parameter_init  mqtt.o
    0x08002de4   0x08002de4   0x00000050   Code   RO         3577    i.Key_GetNum        key.o
    0x08002e34   0x08002e34   0x0000002c   Code   RO         3578    i.Key_Init          key.o
    0x08002e60   0x08002e60   0x00000046   Code   RO         3579    i.Key_ScanOne       key.o
    0x08002ea6   0x08002ea6   0x00000002   PAD
    0x08002ea8   0x08002ea8   0x0000000c   Code   RO         3604    i.LED_GetBrightness  led.o
    0x08002eb4   0x08002eb4   0x0000009c   Code   RO         3605    i.LED_Init          led.o
    0x08002f50   0x08002f50   0x00000058   Code   RO         3606    i.LED_SetBrightness  led.o
    0x08002fa8   0x08002fa8   0x00000078   Code   RO         3338    i.LOG_Init          log.o
    0x08003020   0x08003020   0x00000020   Code   RO         3339    i.LOG_WriteChar     log.o
    0x08003040   0x08003040   0x0000001c   Code   RO         3340    i.LOG_WriteString   log.o
    0x0800305c   0x0800305c   0x00000090   Code   RO         3865    i.MQTT_Buff_Init    mqtt.o
    0x080030ec   0x080030ec   0x000001e0   Code   RO         3866    i.MQTT_ConectPack   mqtt.o
    0x080032cc   0x080032cc   0x000000dc   Code   RO         3867    i.MQTT_DealPushdata_Qs0  mqtt.o
    0x080033a8   0x080033a8   0x000000a4   Code   RO         3868    i.MQTT_LoadThresholdFromAT24C02  mqtt.o
    0x0800344c   0x0800344c   0x0000017c   Code   RO         3869    i.MQTT_ParseOneNetThresholdJson  mqtt.o
    0x080035c8   0x080035c8   0x0000001c   Code   RO         3870    i.MQTT_PingREQ      mqtt.o
    0x080035e4   0x080035e4   0x00000050   Code   RO         3871    i.MQTT_ProcessOneNetThresholdCommand  mqtt.o
    0x08003634   0x08003634   0x0000004c   Code   RO         3872    i.MQTT_PublishOneNetDpJson  mqtt.o
    0x08003680   0x08003680   0x000000c4   Code   RO         3873    i.MQTT_PublishQs0   mqtt.o
    0x08003744   0x08003744   0x00000084   Code   RO         3874    i.MQTT_SaveThresholdToAT24C02  mqtt.o
    0x080037c8   0x080037c8   0x00000090   Code   RO         3875    i.MQTT_Subscribe    mqtt.o
    0x08003858   0x08003858   0x00000024   Code   RO         3876    i.MQTT_ThresholdInit  mqtt.o
    0x0800387c   0x0800387c   0x00000004   Code   RO         5207    i.MemManage_Handler  stm32f10x_it.o
    0x08003880   0x08003880   0x0000003c   Code   RO         3633    i.Motor_GPIO_Init   motor.o
    0x080038bc   0x080038bc   0x0000000c   Code   RO         3634    i.Motor_GetSpeed    motor.o
    0x080038c8   0x080038c8   0x00000010   Code   RO         3635    i.Motor_Init        motor.o
    0x080038d8   0x080038d8   0x00000068   Code   RO         3636    i.Motor_SetSpeed    motor.o
    0x08003940   0x08003940   0x0000000a   Code   RO         3637    i.Motor_Stop        motor.o
    0x0800394a   0x0800394a   0x00000002   Code   RO         5208    i.NMI_Handler       stm32f10x_it.o
    0x0800394c   0x0800394c   0x00000070   Code   RO          137    i.NVIC_Init         misc.o
    0x080039bc   0x080039bc   0x00000014   Code   RO          138    i.NVIC_PriorityGroupConfig  misc.o
    0x080039d0   0x080039d0   0x0000002c   Code   RO         4202    i.NetMqtt_AdvanceRxPtr  task_net.o
    0x080039fc   0x080039fc   0x0000002c   Code   RO         4203    i.NetMqtt_AdvanceTxPtr  task_net.o
    0x08003a28   0x08003a28   0x0000005c   Code   RO         4204    i.NetMqtt_CheckPingAndReport  task_net.o
    0x08003a84   0x08003a84   0x0000002c   Code   RO         4205    i.NetMqtt_EnterIdle  task_net.o
    0x08003ab0   0x08003ab0   0x00000040   Code   RO         4206    i.NetMqtt_HandleConnAck  task_net.o
    0x08003af0   0x08003af0   0x00000024   Code   RO         4207    i.NetMqtt_ProcessCmdQueue  task_net.o
    0x08003b14   0x08003b14   0x0000006c   Code   RO         4208    i.NetMqtt_PumpRx    task_net.o
    0x08003b80   0x08003b80   0x00000030   Code   RO         4209    i.NetMqtt_PumpTx    task_net.o
    0x08003bb0   0x08003bb0   0x0000003c   Code   RO         4210    i.NetMqtt_TryConnect  task_net.o
    0x08003bec   0x08003bec   0x0000002a   Code   RO         3678    i.OLED_Clear        oled.o
    0x08003c16   0x08003c16   0x00000002   PAD
    0x08003c18   0x08003c18   0x0000005c   Code   RO         3679    i.OLED_I2C_SendByte  oled.o
    0x08003c74   0x08003c74   0x00000034   Code   RO         3680    i.OLED_I2C_Start    oled.o
    0x08003ca8   0x08003ca8   0x00000028   Code   RO         3681    i.OLED_I2C_Stop     oled.o
    0x08003cd0   0x08003cd0   0x000000e0   Code   RO         3682    i.OLED_Init         oled.o
    0x08003db0   0x08003db0   0x00000022   Code   RO         3684    i.OLED_SetCursor    oled.o
    0x08003dd2   0x08003dd2   0x00000002   PAD
    0x08003dd4   0x08003dd4   0x00000074   Code   RO         3685    i.OLED_ShowChar     oled.o
    0x08003e48   0x08003e48   0x00000028   Code   RO         3687    i.OLED_ShowString   oled.o
    0x08003e70   0x08003e70   0x00000020   Code   RO         3688    i.OLED_WriteCommand  oled.o
    0x08003e90   0x08003e90   0x00000020   Code   RO         3689    i.OLED_WriteData    oled.o
    0x08003eb0   0x08003eb0   0x0000009c   Code   RO         3638    i.PWMA_Init         motor.o
    0x08003f4c   0x08003f4c   0x00000020   Code   RO         1775    i.RCC_APB1PeriphClockCmd  stm32f10x_rcc.o
    0x08003f6c   0x08003f6c   0x00000020   Code   RO         1776    i.RCC_APB1PeriphResetCmd  stm32f10x_rcc.o
    0x08003f8c   0x08003f8c   0x00000020   Code   RO         1777    i.RCC_APB2PeriphClockCmd  stm32f10x_rcc.o
    0x08003fac   0x08003fac   0x00000020   Code   RO         1778    i.RCC_APB2PeriphResetCmd  stm32f10x_rcc.o
    0x08003fcc   0x08003fcc   0x000000d4   Code   RO         1785    i.RCC_GetClocksFreq  stm32f10x_rcc.o
    0x080040a0   0x080040a0   0x00000020   Code   RO         4300    i.Reaction_ApplyOutput  task_reaction.o
    0x080040c0   0x080040c0   0x0000000e   Code   RO         4301    i.Reaction_AutoHumidifier  task_reaction.o
    0x080040ce   0x080040ce   0x00000026   Code   RO         4302    i.Reaction_AutoLightLevel  task_reaction.o
    0x080040f4   0x080040f4   0x0000001a   Code   RO         4303    i.Reaction_AutoMotorLevel  task_reaction.o
    0x0800410e   0x0800410e   0x00000002   PAD
    0x08004110   0x08004110   0x00000064   Code   RO         4304    i.Reaction_UpdateAutoBySensor  task_reaction.o
    0x08004174   0x08004174   0x00000008   Code   RO           24    i.SetSysClock       system_stm32f10x.o
    0x0800417c   0x0800417c   0x000000e0   Code   RO           25    i.SetSysClockTo72   system_stm32f10x.o
    0x0800425c   0x0800425c   0x00000034   Code   RO         4499    i.SysTick_Handler   port.o
    0x08004290   0x08004290   0x000000a4   Code   RO           26    i.SystemCoreClockUpdate  system_stm32f10x.o
    0x08004334   0x08004334   0x00000060   Code   RO           27    i.SystemInit        system_stm32f10x.o
    0x08004394   0x08004394   0x0000001c   Code   RO         5170    i.System_BootInit   main.o
    0x080043b0   0x080043b0   0x000000b4   Code   RO         5209    i.TIM4_IRQHandler   stm32f10x_it.o
    0x08004464   0x08004464   0x00000018   Code   RO         2409    i.TIM_ARRPreloadConfig  stm32f10x_tim.o
    0x0800447c   0x0800447c   0x00000006   Code   RO         2416    i.TIM_ClearITPendingBit  stm32f10x_tim.o
    0x08004482   0x08004482   0x00000018   Code   RO         2421    i.TIM_Cmd           stm32f10x_tim.o
    0x0800449a   0x0800449a   0x00000022   Code   RO         2442    i.TIM_GetITStatus   stm32f10x_tim.o
    0x080044bc   0x080044bc   0x00000012   Code   RO         2446    i.TIM_ITConfig      stm32f10x_tim.o
    0x080044ce   0x080044ce   0x00000002   PAD
    0x080044d0   0x080044d0   0x00000098   Code   RO         2450    i.TIM_OC1Init       stm32f10x_tim.o
    0x08004568   0x08004568   0x00000012   Code   RO         2453    i.TIM_OC1PreloadConfig  stm32f10x_tim.o
    0x0800457a   0x0800457a   0x00000002   PAD
    0x0800457c   0x0800457c   0x000000a0   Code   RO         2460    i.TIM_OC3Init       stm32f10x_tim.o
    0x0800461c   0x0800461c   0x00000012   Code   RO         2463    i.TIM_OC3PreloadConfig  stm32f10x_tim.o
    0x0800462e   0x0800462e   0x00000014   Code   RO         2468    i.TIM_OCStructInit  stm32f10x_tim.o
    0x08004642   0x08004642   0x00000004   Code   RO         2482    i.TIM_SetCompare1   stm32f10x_tim.o
    0x08004646   0x08004646   0x00000004   Code   RO         2484    i.TIM_SetCompare3   stm32f10x_tim.o
    0x0800464a   0x0800464a   0x00000004   Code   RO         2486    i.TIM_SetCounter    stm32f10x_tim.o
    0x0800464e   0x0800464e   0x00000002   PAD
    0x08004650   0x08004650   0x000000a4   Code   RO         2492    i.TIM_TimeBaseInit  stm32f10x_tim.o
    0x080046f4   0x080046f4   0x000001b4   Code   RO         4387    i.TaskManager_CreateTasks  task_manager.o
    0x080048a8   0x080048a8   0x00000014   Code   RO         4388    i.TaskManager_StartScheduler  task_manager.o
    0x080048bc   0x080048bc   0x00000008   Code   RO         4211    i.TaskNetMqtt_GetRuntime  task_net.o
    0x080048c4   0x080048c4   0x00000014   Code   RO         4212    i.TaskNetMqtt_IsConnected  task_net.o
    0x080048d8   0x080048d8   0x000000c0   Code   RO         4213    i.TaskNetMqtt_PublishStatusAndThreshold  task_net.o
    0x08004998   0x08004998   0x0000001c   Code   RO         4122    i.TaskOledUi_Init   task_oled.o
    0x080049b4   0x080049b4   0x00000024   Code   RO         4305    i.TaskReaction_GetStatus  task_reaction.o
    0x080049d8   0x080049d8   0x00000028   Code   RO         4306    i.TaskReaction_Init  task_reaction.o
    0x08004a00   0x08004a00   0x00000018   Code   RO         4307    i.TaskReaction_SetHumidifierAuto  task_reaction.o
    0x08004a18   0x08004a18   0x00000024   Code   RO         4308    i.TaskReaction_SetHumidifierManual  task_reaction.o
    0x08004a3c   0x08004a3c   0x00000018   Code   RO         4309    i.TaskReaction_SetLightAuto  task_reaction.o
    0x08004a54   0x08004a54   0x00000024   Code   RO         4310    i.TaskReaction_SetLightManual  task_reaction.o
    0x08004a78   0x08004a78   0x00000018   Code   RO         4311    i.TaskReaction_SetMotorAuto  task_reaction.o
    0x08004a90   0x08004a90   0x00000028   Code   RO         4312    i.TaskReaction_SetMotorManual  task_reaction.o
    0x08004ab8   0x08004ab8   0x00000018   Code   RO         4065    i.TaskSensor_GetLatest  task_sensor.o
    0x08004ad0   0x08004ad0   0x0000002c   Code   RO         4066    i.TaskSensor_Init   task_sensor.o
    0x08004afc   0x08004afc   0x00000050   Code   RO         4067    i.TaskSensor_Publish  task_sensor.o
    0x08004b4c   0x08004b4c   0x00000034   Code   RO         4068    i.TaskSensor_Sample  task_sensor.o
    0x08004b80   0x08004b80   0x00000088   Code   RO         4214    i.Task_NetMqtt      task_net.o
    0x08004c08   0x08004c08   0x0000001e   Code   RO         4123    i.Task_OledUi       task_oled.o
    0x08004c26   0x08004c26   0x00000016   Code   RO         4313    i.Task_Reaction     task_reaction.o
    0x08004c3c   0x08004c3c   0x00000060   Code   RO         4069    i.Task_Sensor       task_sensor.o
    0x08004c9c   0x08004c9c   0x00000054   Code   RO         4389    i.Task_SystemStatus  task_manager.o
    0x08004cf0   0x08004cf0   0x00000064   Code   RO         3877    i.TxDataBuf_Deal    mqtt.o
    0x08004d54   0x08004d54   0x0000009c   Code   RO         5210    i.USART2_IRQHandler  stm32f10x_it.o
    0x08004df0   0x08004df0   0x00000012   Code   RO         2956    i.USART_ClearFlag   stm32f10x_usart.o
    0x08004e02   0x08004e02   0x0000001e   Code   RO         2957    i.USART_ClearITPendingBit  stm32f10x_usart.o
    0x08004e20   0x08004e20   0x00000018   Code   RO         2960    i.USART_Cmd         stm32f10x_usart.o
    0x08004e38   0x08004e38   0x0000009c   Code   RO         2962    i.USART_DeInit      stm32f10x_usart.o
    0x08004ed4   0x08004ed4   0x0000001a   Code   RO         2963    i.USART_GetFlagStatus  stm32f10x_usart.o
    0x08004eee   0x08004eee   0x00000054   Code   RO         2964    i.USART_GetITStatus  stm32f10x_usart.o
    0x08004f42   0x08004f42   0x0000004a   Code   RO         2966    i.USART_ITConfig    stm32f10x_usart.o
    0x08004f8c   0x08004f8c   0x000000d8   Code   RO         2967    i.USART_Init        stm32f10x_usart.o
    0x08005064   0x08005064   0x0000000a   Code   RO         2974    i.USART_ReceiveData  stm32f10x_usart.o
    0x0800506e   0x0800506e   0x00000008   Code   RO         2977    i.USART_SendData    stm32f10x_usart.o
    0x08005076   0x08005076   0x00000002   PAD
    0x08005078   0x08005078   0x00000234   Code   RO         4124    i.Ui_HandleKey      task_oled.o
    0x080052ac   0x080052ac   0x00000028   Code   RO         4125    i.Ui_HumidifierStatusText  task_oled.o
    0x080052d4   0x080052d4   0x00000038   Code   RO         4126    i.Ui_LightStatusText  task_oled.o
    0x0800530c   0x0800530c   0x00000038   Code   RO         4127    i.Ui_MotorStatusText  task_oled.o
    0x08005344   0x08005344   0x00000044   Code   RO         4128    i.Ui_RenderCurrentPage  task_oled.o
    0x08005388   0x08005388   0x000000e8   Code   RO         4129    i.Ui_RenderHome     task_oled.o
    0x08005470   0x08005470   0x000000dc   Code   RO         4130    i.Ui_RenderHumidifierPage  task_oled.o
    0x0800554c   0x0800554c   0x000000f0   Code   RO         4131    i.Ui_RenderLightPage  task_oled.o
    0x0800563c   0x0800563c   0x000000c4   Code   RO         4132    i.Ui_RenderMenu     task_oled.o
    0x08005700   0x08005700   0x000000f0   Code   RO         4133    i.Ui_RenderMotorPage  task_oled.o
    0x080057f0   0x080057f0   0x00000004   Code   RO         5211    i.UsageFault_Handler  stm32f10x_it.o
    0x080057f4   0x080057f4   0x00000364   Code   RO         3788    i.WiFi_Connect_IoTServer  esp8266.o
    0x08005b58   0x08005b58   0x00000164   Code   RO         3789    i.WiFi_Connect_Server  esp8266.o
    0x08005cbc   0x08005cbc   0x0000009c   Code   RO         3790    i.WiFi_JoinAP       esp8266.o
    0x08005d58   0x08005d58   0x000000d4   Code   RO         3791    i.WiFi_Reset        esp8266.o
    0x08005e2c   0x08005e2c   0x00000074   Code   RO         3792    i.WiFi_SendCmd      esp8266.o
    0x08005ea0   0x08005ea0   0x00000028   Code   RO         5578    i.__ARM_fpclassify  m_ws.l(fpclassify.o)
    0x08005ec8   0x08005ec8   0x0000000e   Code   RO         5297    i._is_digit         c_w.l(__printf_wp.o)
    0x08005ed6   0x08005ed6   0x00000004   Code   RO         3341    i._sys_exit         log.o
    0x08005eda   0x08005eda   0x00000016   Code   RO         3878    i.clamp_int         mqtt.o
    0x08005ef0   0x08005ef0   0x00000044   Code   RO         3200    i.delay_init        delay.o
    0x08005f34   0x08005f34   0x00000058   Code   RO         3201    i.delay_ms          delay.o
    0x08005f8c   0x08005f8c   0x00000034   Code   RO         3203    i.delay_us          delay.o
    0x08005fc0   0x08005fc0   0x00000008   Code   RO         3342    i.ferror            log.o
    0x08005fc8   0x08005fc8   0x00000010   Code   RO         3343    i.fputc             log.o
    0x08005fd8   0x08005fd8   0x000000c4   Code   RO         5171    i.main              main.o
    0x0800609c   0x0800609c   0x00000028   Code   RO         3879    i.mqtt_decode_remaining_length  mqtt.o
    0x080060c4   0x080060c4   0x00000030   Code   RO         3880    i.mqtt_encode_remaining_length  mqtt.o
    0x080060f4   0x080060f4   0x00000072   Code   RO         3881    i.parse_json_int_by_key  mqtt.o
    0x08006166   0x08006166   0x00000002   PAD
    0x08006168   0x08006168   0x000000cc   Code   RO         4845    i.prvAddCurrentTaskToDelayedList  tasks.o
    0x08006234   0x08006234   0x000000f0   Code   RO         4846    i.prvAddNewTaskToReadyList  tasks.o
    0x08006324   0x08006324   0x00000048   Code   RO         4847    i.prvCheckTasksWaitingTermination  tasks.o
    0x0800636c   0x0800636c   0x0000006a   Code   RO         4698    i.prvCopyDataToQueue  queue.o
    0x080063d6   0x080063d6   0x00000002   PAD
    0x080063d8   0x080063d8   0x00000068   Code   RO         4848    i.prvCreateIdleTasks  tasks.o
    0x08006440   0x08006440   0x0000005a   Code   RO         4849    i.prvCreateTask     tasks.o
    0x0800649a   0x0800649a   0x00000012   Code   RO         4850    i.prvDeleteTCB      tasks.o
    0x080064ac   0x080064ac   0x0000006c   Code   RO         4416    i.prvHeapInit       heap_4.o
    0x08006518   0x08006518   0x00000028   Code   RO         4851    i.prvIdleTask       tasks.o
    0x08006540   0x08006540   0x00000026   Code   RO         4699    i.prvInitialiseNewQueue  queue.o
    0x08006566   0x08006566   0x0000007a   Code   RO         4852    i.prvInitialiseNewTask  tasks.o
    0x080065e0   0x080065e0   0x00000068   Code   RO         4853    i.prvInitialiseTaskLists  tasks.o
    0x08006648   0x08006648   0x00000068   Code   RO         4417    i.prvInsertBlockIntoFreeList  heap_4.o
    0x080066b0   0x080066b0   0x0000001e   Code   RO         4701    i.prvIsQueueFull    queue.o
    0x080066ce   0x080066ce   0x00000002   PAD
    0x080066d0   0x080066d0   0x00000030   Code   RO         4854    i.prvResetNextTaskUnblockTime  tasks.o
    0x08006700   0x08006700   0x00000016   Code   RO         4500    i.prvTaskExitError  port.o
    0x08006716   0x08006716   0x0000007e   Code   RO         4702    i.prvUnlockQueue    queue.o
    0x08006794   0x08006794   0x00000100   Code   RO         4419    i.pvPortMalloc      heap_4.o
    0x08006894   0x08006894   0x00000024   Code   RO         4501    i.pxPortInitialiseStack  port.o
    0x080068b8   0x080068b8   0x00000038   Code   RO         3882    i.threshold_crc_calc  mqtt.o
    0x080068f0   0x080068f0   0x00000040   Code   RO         4021    i.u2_TxData         usart2.o
    0x08006930   0x08006930   0x00000060   Code   RO         4022    i.u2_printf         usart2.o
    0x08006990   0x08006990   0x000000c0   Code   RO         4023    i.usart2_init       usart2.o
    0x08006a50   0x08006a50   0x00000068   Code   RO         4024    i.usart2_rx_timer_init  usart2.o
    0x08006ab8   0x08006ab8   0x00000028   Code   RO         4661    i.uxListRemove      list.o
    0x08006ae0   0x08006ae0   0x0000001a   Code   RO         4662    i.vListInitialise   list.o
    0x08006afa   0x08006afa   0x00000006   Code   RO         4663    i.vListInitialiseItem  list.o
    0x08006b00   0x08006b00   0x00000034   Code   RO         4664    i.vListInsert       list.o
    0x08006b34   0x08006b34   0x00000024   Code   RO         4503    i.vPortEnterCritical  port.o
    0x08006b58   0x08006b58   0x00000020   Code   RO         4504    i.vPortExitCritical  port.o
    0x08006b78   0x08006b78   0x0000004c   Code   RO         4420    i.vPortFree         heap_4.o
    0x08006bc4   0x08006bc4   0x00000018   Code   RO         4505    i.vPortSetupTimerInterrupt  port.o
    0x08006bdc   0x08006bdc   0x00000034   Code   RO         4862    i.vTaskDelay        tasks.o
    0x08006c10   0x08006c10   0x00000018   Code   RO         4866    i.vTaskInternalSetTimeOutState  tasks.o
    0x08006c28   0x08006c28   0x0000000c   Code   RO         4867    i.vTaskMissedYield  tasks.o
    0x08006c34   0x08006c34   0x00000020   Code   RO         4868    i.vTaskPlaceOnEventList  tasks.o
    0x08006c54   0x08006c54   0x0000004c   Code   RO         4875    i.vTaskStartScheduler  tasks.o
    0x08006ca0   0x08006ca0   0x00000010   Code   RO         4877    i.vTaskSuspendAll   tasks.o
    0x08006cb0   0x08006cb0   0x00000068   Code   RO         4878    i.vTaskSwitchContext  tasks.o
    0x08006d18   0x08006d18   0x00000034   Code   RO         3795    i.wifi_reset_io_init  esp8266.o
    0x08006d4c   0x08006d4c   0x00000034   Code   RO         4506    i.xPortStartScheduler  port.o
    0x08006d80   0x08006d80   0x0000004c   Code   RO         4709    i.xQueueGenericCreate  queue.o
    0x08006dcc   0x08006dcc   0x000000a0   Code   RO         4710    i.xQueueGenericReset  queue.o
    0x08006e6c   0x08006e6c   0x00000118   Code   RO         4711    i.xQueueGenericSend  queue.o
    0x08006f84   0x08006f84   0x00000060   Code   RO         4880    i.xTaskCheckForTimeOut  tasks.o
    0x08006fe4   0x08006fe4   0x00000038   Code   RO         4881    i.xTaskCreate       tasks.o
    0x0800701c   0x0800701c   0x0000000c   Code   RO         4889    i.xTaskGetTickCount  tasks.o
    0x08007028   0x08007028   0x000001a0   Code   RO         4891    i.xTaskIncrementTick  tasks.o
    0x080071c8   0x080071c8   0x00000118   Code   RO         4892    i.xTaskRemoveFromEventList  tasks.o
    0x080072e0   0x080072e0   0x0000017c   Code   RO         4893    i.xTaskResumeAll    tasks.o
    0x0800745c   0x0800745c   0x0000002c   Code   RO         5483    locale$$code        c_w.l(lc_ctype_c.o)
    0x08007488   0x08007488   0x0000002c   Code   RO         5515    locale$$code        c_w.l(lc_numeric_c.o)
    0x080074b4   0x080074b4   0x00000184   Code   RO         5331    x$fpl$fdiv          fz_ws.l(fdiv.o)
    0x08007638   0x08007638   0x0000003e   Code   RO         5334    x$fpl$ffixu         fz_ws.l(ffixu.o)
    0x08007676   0x08007676   0x00000002   PAD
    0x08007678   0x08007678   0x00000026   Code   RO         5338    x$fpl$ffltu         fz_ws.l(fflt_clz.o)
    0x0800769e   0x0800769e   0x0000008c   Code   RO         5429    x$fpl$fnaninf       fz_ws.l(fnaninf.o)
    0x0800772a   0x0800772a   0x0000000a   Code   RO         5431    x$fpl$fretinf       fz_ws.l(fretinf.o)
    0x08007734   0x08007734   0x00000004   Code   RO         5433    x$fpl$printf1       fz_ws.l(printf1.o)
    0x08007738   0x08007738   0x00000004   Code   RO         5435    x$fpl$printf2       fz_ws.l(printf2.o)
    0x0800773c   0x0800773c   0x00000000   Code   RO         5441    x$fpl$usenofp       fz_ws.l(usenofp.o)
    0x0800773c   0x0800773c   0x000005f0   Data   RO         3690    .constdata          oled.o
    0x08007d2c   0x08007d2c   0x00000070   Data   RO         4216    .constdata          task_net.o
    0x08007d9c   0x08007d9c   0x00000011   Data   RO         5305    .constdata          c_w.l(__printf_flags_ss_wp.o)
    0x08007dad   0x08007dad   0x00000003   PAD
    0x08007db0   0x08007db0   0x00000008   Data   RO         5375    .constdata          c_w.l(_printf_wctomb.o)
    0x08007db8   0x08007db8   0x00000028   Data   RO         5404    .constdata          c_w.l(_printf_hex_int_ll_ptr.o)
    0x08007de0   0x08007de0   0x00000026   Data   RO         5472    .constdata          c_w.l(_printf_fp_hex.o)
    0x08007e06   0x08007e06   0x00000002   PAD
    0x08007e08   0x08007e08   0x00000094   Data   RO         5490    .constdata          c_w.l(bigflt0.o)
    0x08007e9c   0x08007e9c   0x00000084   Data   RO         4071    .conststring        task_sensor.o
    0x08007f20   0x08007f20   0x00000165   Data   RO         4217    .conststring        task_net.o
    0x08008085   0x08008085   0x00000003   PAD
    0x08008088   0x08008088   0x00000020   Data   RO         5655    Region$$Table       anon$$obj.o
    0x080080a8   0x080080a8   0x00000110   Data   RO         5482    locale$$data        c_w.l(lc_ctype_c.o)
    0x080081b8   0x080081b8   0x0000001c   Data   RO         5514    locale$$data        c_w.l(lc_numeric_c.o)


    Execution Region RW_IRAM1 (Exec base: 0x20000000, Load base: 0x080081d4, Size: 0x00004b90, Max: 0x00005000, ABSOLUTE)

    Exec Addr    Load Addr    Size         Type   Attr      Idx    E Section Name        Object

    0x20000000   0x080081d4   0x00000014   Data   RW           28    .data               system_stm32f10x.o
    0x20000014   0x080081e8   0x00000014   Data   RW         1805    .data               stm32f10x_rcc.o
    0x20000028   0x080081fc   0x00000008   Data   RW         3204    .data               delay.o
    0x20000030   0x08008204   0x00000008   Data   RW         3344    .data               log.o
    0x20000038   0x0800820c   0x00000006   Data   RW         3580    .data               key.o
    0x2000003e   0x08008212   0x00000001   Data   RW         3607    .data               led.o
    0x2000003f   0x08008213   0x00000001   Data   RW         3639    .data               motor.o
    0x20000040   0x08008214   0x00000001   Data   RW         3762    .data               humidity.o
    0x20000041   0x08008215   0x00000003   PAD
    0x20000044   0x08008218   0x00000048   Data   RW         3884    .data               mqtt.o
    0x2000008c   0x08008260   0x00000004   Data   RW         4026    .data               usart2.o
    0x20000090   0x08008264   0x00000004   Data   RW         4072    .data               task_sensor.o
    0x20000094   0x08008268   0x00000005   Data   RW         4134    .data               task_oled.o
    0x20000099   0x0800826d   0x00000003   PAD
    0x2000009c   0x08008270   0x00000004   Data   RW         4218    .data               task_net.o
    0x200000a0   0x08008274   0x00000006   Data   RW         4314    .data               task_reaction.o
    0x200000a6   0x0800827a   0x00000002   PAD
    0x200000a8   0x0800827c   0x00000014   Data   RW         4390    .data               task_manager.o
    0x200000bc   0x08008290   0x0000001c   Data   RW         4427    .data               heap_4.o
    0x200000d8   0x080082ac   0x00000004   Data   RW         4507    .data               port.o
    0x200000dc   0x080082b0   0x00000040   Data   RW         4896    .data               tasks.o
    0x2000011c        -       0x00000f00   Zero   RW         3883    .bss                mqtt.o
    0x2000101c        -       0x00000400   Zero   RW         4025    .bss                usart2.o
    0x2000141c        -       0x0000000c   Zero   RW         4070    .bss                task_sensor.o
    0x20001428        -       0x00000014   Zero   RW         4215    .bss                task_net.o
    0x2000143c        -       0x00003000   Zero   RW         4426    .bss                heap_4.o
    0x2000443c        -       0x000000f0   Zero   RW         4895    .bss                tasks.o
    0x2000452c        -       0x00000060   Zero   RW         5443    .bss                c_w.l(libspace.o)
    0x2000458c   0x080082f0   0x00000004   PAD
    0x20004590        -       0x00000200   Zero   RW            2    HEAP                startup_stm32f10x_md.o
    0x20004790        -       0x00000400   Zero   RW            1    STACK               startup_stm32f10x_md.o


==============================================================================

Image component sizes


      Code (inc. data)   RO Data    RW Data    ZI Data      Debug   Object Name

       506         40          0          0          0       3488   at24c02.o
       592         38          0          0          0       4253   bh1750.o
         0          0          0          0          0       4500   core_cm3.o
       260         40          0          8          0      18122   delay.o
       742         44          0          0          0       6448   dht11.o
      1760        968          0          0          0       3898   esp8266.o
         0          0          0          0          0      12880   event_groups.o
       128         10          0          0          0       2217   hc_sr501.o
       544         58          0         28      12288       7415   heap_4.o
       136         20          0          1          0       2265   humidity.o
        60          0          0          0          0       1036   iwdg.o
       194         22          0          6          0       2300   key.o
       256         24          0          1          0       1887   led.o
       124          0          0          0          0       2673   list.o
       208         12          0          8          0       4968   log.o
       224        140          0          0          0        899   main.o
       132         22          0          0          0     204871   misc.o
       358         24          0          1          0       3964   motor.o
      2848        554          0         72       3840      15993   mqtt.o
       704         24       1520          0          0       5985   oled.o
       404         48          0          4          0       9052   port.o
       816          8          0          0          0       9911   queue.o
        64         26        236          0       1536        828   startup_stm32f10x_md.o
         0          0          0          0          0       1680   stm32f10x_adc.o
       314          0          0          0          0      12500   stm32f10x_gpio.o
       460         20          0          0          0      15357   stm32f10x_i2c.o
       356         42          0          0          0       3843   stm32f10x_it.o
        68         30          0          0          0       2410   stm32f10x_iwdg.o
       340         44          0         20          0      14240   stm32f10x_rcc.o
       650         72          0          0          0      29019   stm32f10x_tim.o
       646         28          0          0          0      13856   stm32f10x_usart.o
       492         50          0         20          0      54293   system_stm32f10x.o
       540        314          0         20          0       2852   task_manager.o
       896        126        469          4         20       9760   task_net.o
      1970        382          0          5          0       9169   task_oled.o
       492         54          0          6          0       8345   task_reaction.o
       296         20        132          4         12       7261   task_sensor.o
      2598        320          0         64        240      33181   tasks.o
       456         30          0          4       1024       3896   usart2.o

    ----------------------------------------------------------------------
     21670       3654       2392        284      18960     551515   Object Totals
         0          0         32          0          0          0   (incl. Generated)
        36          0          3          8          0          0   (incl. Padding)

    ----------------------------------------------------------------------

      Code (inc. data)   RO Data    RW Data    ZI Data      Debug   Library Member Name

        24          4          0          0          0         84   __2printf.o
        56          6          0          0          0         88   __2snprintf.o
        44          6          0          0          0         84   __2sprintf.o
         8          0          0          0          0         68   __main.o
       392          4         17          0          0         92   __printf_flags_ss_wp.o
        14          0          0          0          0         68   __printf_wp.o
         0          0          0          0          0          0   __rtentry.o
        12          0          0          0          0          0   __rtentry2.o
         6          0          0          0          0          0   __rtentry4.o
        52          8          0          0          0          0   __scatter.o
        26          0          0          0          0          0   __scatter_copy.o
        28          0          0          0          0          0   __scatter_zi.o
        28          0          0          0          0         68   _chval.o
         6          0          0          0          0          0   _printf_a.o
         6          0          0          0          0          0   _printf_c.o
        44          0          0          0          0        108   _printf_char.o
        48          6          0          0          0         96   _printf_char_common.o
        36          4          0          0          0         80   _printf_char_file.o
        40          0          0          0          0         68   _printf_charcount.o
         6          0          0          0          0          0   _printf_d.o
       120         16          0          0          0         92   _printf_dec.o
         6          0          0          0          0          0   _printf_e.o
         6          0          0          0          0          0   _printf_f.o
      1054          0          0          0          0        216   _printf_fp_dec.o
       764          8         38          0          0        100   _printf_fp_hex.o
       128         16          0          0          0         84   _printf_fp_infnan.o
         6          0          0          0          0          0   _printf_g.o
       148          4         40          0          0        160   _printf_hex_int_ll_ptr.o
         6          0          0          0          0          0   _printf_i.o
       178          0          0          0          0         88   _printf_intcommon.o
        10          0          0          0          0          0   _printf_l.o
         6          0          0          0          0          0   _printf_lc.o
        10          0          0          0          0          0   _printf_ll.o
         6          0          0          0          0          0   _printf_lld.o
         6          0          0          0          0          0   _printf_lli.o
         6          0          0          0          0          0   _printf_llo.o
         6          0          0          0          0          0   _printf_llu.o
         6          0          0          0          0          0   _printf_llx.o
       124         16          0          0          0         92   _printf_longlong_dec.o
         6          0          0          0          0          0   _printf_ls.o
         6          0          0          0          0          0   _printf_n.o
         6          0          0          0          0          0   _printf_o.o
       112         10          0          0          0        124   _printf_oct_int_ll.o
         6          0          0          0          0          0   _printf_p.o
        78          0          0          0          0        108   _printf_pad.o
         0          0          0          0          0          0   _printf_percent.o
         4          0          0          0          0          0   _printf_percent_end.o
         6          0          0          0          0          0   _printf_s.o
        82          0          0          0          0         80   _printf_str.o
        36          0          0          0          0         84   _printf_truncate.o
         6          0          0          0          0          0   _printf_u.o
        44          0          0          0          0        108   _printf_wchar.o
       188          6          8          0          0         92   _printf_wctomb.o
         6          0          0          0          0          0   _printf_x.o
        16          0          0          0          0         68   _snputc.o
        10          0          0          0          0         68   _sputc.o
       158          0          0          0          0         92   _strtoul.o
        64          0          0          0          0         92   _wcrtomb.o
       228          4        148          0          0         96   bigflt0.o
      1936        128          0          0          0        672   btod.o
        18          0          0          0          0         80   exit.o
         6          0          0          0          0        152   heapauxi.o
        44         10        272          0          0         76   lc_ctype_c.o
        44         10         28          0          0         76   lc_numeric_c.o
         2          0          0          0          0          0   libinit.o
        30          0          0          0          0          0   libinit2.o
         2          0          0          0          0          0   libshutdown.o
         2          0          0          0          0          0   libshutdown2.o
         8          4          0          0         96         68   libspace.o
       138          0          0          0          0         80   lludiv10.o
       238          0          0          0          0        100   lludivv7m.o
        16          4          0          0          0         76   rt_ctype_table.o
         8          4          0          0          0         68   rt_errno_addr_intlibspace.o
         8          4          0          0          0         68   rt_locale_intlibspace.o
        68          0          0          0          0         68   rt_memclr.o
        78          0          0          0          0         80   rt_memclr_w.o
       138          0          0          0          0         68   rt_memcpy_v6.o
       100          0          0          0          0         80   rt_memcpy_w.o
         2          0          0          0          0          0   rtexit.o
        10          0          0          0          0          0   rtexit2.o
        20          0          0          0          0         68   strchr.o
       128          0          0          0          0         68   strcmpv7m.o
        62          0          0          0          0         76   strlen.o
        36          0          0          0          0         80   strstr.o
       112          0          0          0          0         88   strtol.o
        74          0          0          0          0         80   sys_stackheap_outer.o
         2          0          0          0          0         68   use_no_semi.o
        52          4          0          0          0         80   vsnprintf.o
       388         76          0          0          0         96   fdiv.o
        62          4          0          0          0         84   ffixu.o
        38          0          0          0          0         68   fflt_clz.o
       140          4          0          0          0         84   fnaninf.o
        10          0          0          0          0         68   fretinf.o
         4          0          0          0          0         68   printf1.o
         4          0          0          0          0         68   printf2.o
         0          0          0          0          0          0   usenofp.o
        40          0          0          0          0         68   fpclassify.o

    ----------------------------------------------------------------------
      8618        370        556          0        100       5772   Library Totals
        16          0          5          0          4          0   (incl. Padding)

    ----------------------------------------------------------------------

      Code (inc. data)   RO Data    RW Data    ZI Data      Debug   Library Name

      7916        286        551          0         96       5168   c_w.l
       646         84          0          0          0        536   fz_ws.l
        40          0          0          0          0         68   m_ws.l

    ----------------------------------------------------------------------
      8618        370        556          0        100       5772   Library Totals

    ----------------------------------------------------------------------

==============================================================================


      Code (inc. data)   RO Data    RW Data    ZI Data      Debug   

     30288       4024       2948        284      19060     541267   Grand Totals
     30288       4024       2948        284      19060     541267   ELF Image Totals
     30288       4024       2948        284          0          0   ROM Totals

==============================================================================

    Total RO  Size (Code + RO Data)                33236 (  32.46kB)
    Total RW  Size (RW Data + ZI Data)             19344 (  18.89kB)
    Total ROM Size (Code + RO Data + RW Data)      33520 (  32.73kB)

==============================================================================

